Component: ARM Compiler 5.06 update 6 (build 750) Tool: armlink [4d35ed]

==============================================================================

Section Cross References

    main.o(.text) refers to delay.o(.text) for delay_init
    main.o(.text) refers to usart.o(.text) for uart_init
    main.o(.text) refers to pwm.o(.text) for TIM8_PWM_Init
    main.o(.text) refers to timer.o(.text) for TIM3_Int_Init
    system_stm32f4xx.o(.text) refers to system_stm32f4xx.o(.data) for SystemCoreClock
    iir.o(.text) refers to dmul.o(x$fpl$dmul) for __aeabi_dmul
    iir.o(.text) refers to daddsub_clz.o(x$fpl$dadd) for __aeabi_dadd
    iir.o(.text) refers to daddsub_clz.o(x$fpl$dsub) for __aeabi_dsub
    iir.o(.text) refers to ddiv.o(x$fpl$ddiv) for __aeabi_ddiv
    iir.o(.text) refers to iir.o(.bss) for w_x
    iir.o(.text) refers to iir.o(.data) for A
    oled.o(.text) refers to stm32f4xx_gpio.o(.text) for GPIO_ResetBits
    oled.o(.text) refers to oled.o(.bss) for OLED_GRAM
    oled.o(.text) refers to oled.o(.constdata) for asc2_0806
    oled.o(.text) refers to f2d.o(x$fpl$f2d) for __aeabi_f2d
    oled.o(.text) refers to dfixu.o(x$fpl$dfixu) for __aeabi_d2uiz
    oled.o(.text) refers to dleqf.o(x$fpl$dleqf) for __aeabi_cdcmple
    oled.o(.text) refers to basic.o(x$fpl$basic) for __aeabi_dneg
    oled.o(.text) refers to stm32f4xx_rcc.o(.text) for RCC_AHB1PeriphClockCmd
    oled.o(.text) refers to delay.o(.text) for delay_ms
    adc.o(.text) refers to stm32f4xx_rcc.o(.text) for RCC_AHB1PeriphClockCmd
    adc.o(.text) refers to stm32f4xx_gpio.o(.text) for GPIO_Init
    adc.o(.text) refers to stm32f4xx_dma.o(.text) for DMA_Init
    adc.o(.text) refers to stm32f4xx_adc.o(.text) for ADC_CommonInit
    adc.o(.text) refers to adc.o(.data) for ADC_ConvertedValue
    dac.o(.text) refers to stm32f4xx_rcc.o(.text) for RCC_AHB1PeriphClockCmd
    dac.o(.text) refers to stm32f4xx_gpio.o(.text) for GPIO_Init
    dac.o(.text) refers to stm32f4xx_dac.o(.text) for DAC_Init
    dac.o(.text) refers to dfixu.o(x$fpl$dfixu) for __aeabi_d2uiz
    timer.o(.text) refers to stm32f4xx_rcc.o(.text) for RCC_APB1PeriphClockCmd
    timer.o(.text) refers to stm32f4xx_tim.o(.text) for TIM_TimeBaseInit
    timer.o(.text) refers to misc.o(.text) for NVIC_Init
    timer.o(.text) refers to dflt_clz.o(x$fpl$dflt) for __aeabi_i2d
    timer.o(.text) refers to dmul.o(x$fpl$dmul) for __aeabi_dmul
    timer.o(.text) refers to daddsub_clz.o(x$fpl$dadd) for __aeabi_dadd
    timer.o(.text) refers to dfixu.o(x$fpl$dfixu) for __aeabi_d2uiz
    timer.o(.text) refers to daddsub_clz.o(x$fpl$drsb) for __aeabi_drsub
    timer.o(.text) refers to f2d.o(x$fpl$f2d) for __aeabi_f2d
    timer.o(.text) refers to ddiv.o(x$fpl$ddiv) for __aeabi_ddiv
    timer.o(.text) refers to dflt_clz.o(x$fpl$dfltu) for __aeabi_ui2d
    timer.o(.text) refers to dleqf.o(x$fpl$dleqf) for __aeabi_cdcmple
    timer.o(.text) refers to daddsub_clz.o(x$fpl$dsub) for __aeabi_dsub
    timer.o(.text) refers to drleqf.o(x$fpl$drleqf) for __aeabi_cdrcmple
    timer.o(.text) refers to iir.o(.text) for IIR_Realize
    timer.o(.text) refers to timer.o(.data) for period_cnt
    timer.o(.text) refers to timer.o(.constdata) for indexWave
    timer.o(.text) refers to adc.o(.data) for ADC_ConvertedValue
    timer.o(.text) refers to timer.o(.bss) for ADC_ConvertedValueLocal
    timer.o(.text) refers to dac.o(.text) for Dac1_Set_Vol
    gpio.o(.text) refers to stm32f4xx_rcc.o(.text) for RCC_AHB1PeriphClockCmd
    gpio.o(.text) refers to stm32f4xx_gpio.o(.text) for GPIO_Init
    pwm.o(.text) refers to stm32f4xx_rcc.o(.text) for RCC_APB2PeriphClockCmd
    pwm.o(.text) refers to stm32f4xx_gpio.o(.text) for GPIO_PinAFConfig
    pwm.o(.text) refers to stm32f4xx_tim.o(.text) for TIM_TimeBaseInit
    pid.o(.text) refers to dmul.o(x$fpl$dmul) for __aeabi_dmul
    pid.o(.text) refers to daddsub_clz.o(x$fpl$drsb) for __aeabi_drsub
    pid.o(.text) refers to daddsub_clz.o(x$fpl$dadd) for __aeabi_dadd
    pid.o(.text) refers to daddsub_clz.o(x$fpl$dsub) for __aeabi_dsub
    pid.o(.text) refers to ddiv.o(x$fpl$ddiv) for __aeabi_ddiv
    pid.o(.text) refers to dflt_clz.o(x$fpl$dflt) for __aeabi_i2d
    pid.o(.text) refers to dfix.o(x$fpl$dfix) for __aeabi_d2iz
    pid.o(.text) refers to pid.o(.bss) for pid
    pid.o(.text) refers to timer.o(.data) for dt
    pid.o(.text) refers to pid.o(.data) for k
    delay.o(.text) refers to misc.o(.text) for SysTick_CLKSourceConfig
    delay.o(.text) refers to delay.o(.data) for fac_us
    usart.o(.rev16_text) refers (Special) to use_no_semi_2.o(.text) for __use_no_semihosting
    usart.o(.revsh_text) refers (Special) to use_no_semi_2.o(.text) for __use_no_semihosting
    usart.o(.text) refers (Special) to use_no_semi_2.o(.text) for __use_no_semihosting
    usart.o(.text) refers to stm32f4xx_rcc.o(.text) for RCC_AHB1PeriphClockCmd
    usart.o(.text) refers to stm32f4xx_gpio.o(.text) for GPIO_PinAFConfig
    usart.o(.text) refers to stm32f4xx_usart.o(.text) for USART_Init
[...]
    defsig_cppl_inner.o(.text) refers to defsig_general.o(.text) for __default_signal_display
    defsig_segv_inner.o(.text) refers to defsig_general.o(.text) for __default_signal_display
    defsig_other.o(.text) refers to defsig_general.o(.text) for __default_signal_display


==============================================================================

Removing Unused input sections from the image.

    Removing main.o(.rev16_text), (4 bytes).
    Removing main.o(.revsh_text), (4 bytes).
    Removing stm32f4xx_it.o(.rev16_text), (4 bytes).
    Removing stm32f4xx_it.o(.revsh_text), (4 bytes).
    Removing system_stm32f4xx.o(.rev16_text), (4 bytes).
    Removing system_stm32f4xx.o(.revsh_text), (4 bytes).
    Removing iir.o(.rev16_text), (4 bytes).
    Removing iir.o(.revsh_text), (4 bytes).
    Removing oled.o(.rev16_text), (4 bytes).
    Removing oled.o(.revsh_text), (4 bytes).
    Removing oled.o(.text), (2760 bytes).
    Removing oled.o(.bss), (1152 bytes).
    Removing oled.o(.constdata), (7696 bytes).
    Removing adc.o(.rev16_text), (4 bytes).
    Removing adc.o(.revsh_text), (4 bytes).
    Removing adc.o(.text), (428 bytes).
    Removing dac.o(.rev16_text), (4 bytes).
    Removing dac.o(.revsh_text), (4 bytes).
    Removing timer.o(.rev16_text), (4 bytes).
    Removing timer.o(.revsh_text), (4 bytes).
    Removing gpio.o(.rev16_text), (4 bytes).
    Removing gpio.o(.revsh_text), (4 bytes).
    Removing gpio.o(.text), (76 bytes).
    Removing pwm.o(.rev16_text), (4 bytes).
    Removing pwm.o(.revsh_text), (4 bytes).
    Removing pid.o(.rev16_text), (4 bytes).
    Removing pid.o(.revsh_text), (4 bytes).
    Removing pid.o(.text), (588 bytes).
    Removing pid.o(.bss), (56 bytes).
    Removing pid.o(.data), (16 bytes).
    Removing delay.o(.rev16_text), (4 bytes).
    Removing delay.o(.revsh_text), (4 bytes).
    Removing sys.o(.rev16_text), (4 bytes).
    Removing sys.o(.revsh_text), (4 bytes).
    Removing sys.o(.emb_text), (16 bytes).
    Removing usart.o(.rev16_text), (4 bytes).
    Removing usart.o(.revsh_text), (4 bytes).
    Removing misc.o(.rev16_text), (4 bytes).
    Removing misc.o(.revsh_text), (4 bytes).
    Removing stm32f4xx_gpio.o(.rev16_text), (4 bytes).
    Removing stm32f4xx_gpio.o(.revsh_text), (4 bytes).
    Removing stm32f4xx_usart.o(.rev16_text), (4 bytes).
    Removing stm32f4xx_usart.o(.revsh_text), (4 bytes).
    Removing stm32f4xx_tim.o(.rev16_text), (4 bytes).
    Removing stm32f4xx_tim.o(.revsh_text), (4 bytes).
    Removing stm32f4xx_syscfg.o(.rev16_text), (4 bytes).
    Removing stm32f4xx_syscfg.o(.revsh_text), (4 bytes).
    Removing stm32f4xx_syscfg.o(.text), (148 bytes).
    Removing stm32f4xx_rcc.o(.rev16_text), (4 bytes).
    Removing stm32f4xx_rcc.o(.revsh_text), (4 bytes).
    Removing stm32f4xx_adc.o(.rev16_text), (4 bytes).
    Removing stm32f4xx_adc.o(.revsh_text), (4 bytes).
    Removing stm32f4xx_adc.o(.text), (1124 bytes).
    Removing stm32f4xx_exti.o(.rev16_text), (4 bytes).
    Removing stm32f4xx_exti.o(.revsh_text), (4 bytes).
    Removing stm32f4xx_exti.o(.text), (272 bytes).
    Removing stm32f4xx_dac.o(.rev16_text), (4 bytes).
    Removing stm32f4xx_dac.o(.revsh_text), (4 bytes).
    Removing stm32f4xx_dma.o(.rev16_text), (4 bytes).
    Removing stm32f4xx_dma.o(.revsh_text), (4 bytes).
    Removing stm32f4xx_dma.o(.text), (936 bytes).

61 unused section(s) (total 15460 bytes) removed from the image.

==============================================================================

Image Symbol Table

    Local Symbols

    Symbol Name                              Value     Ov Type        Size  Object(Section)

    ../clib/angel/boardlib.s                 0x00000000   Number         0  boardshut.o ABSOLUTE
    ../clib/angel/boardlib.s                 0x00000000   Number         0  boardinit1.o ABSOLUTE
    ../clib/angel/boardlib.s                 0x00000000   Number         0  boardinit2.o ABSOLUTE
    ../clib/angel/boardlib.s                 0x00000000   Number         0  boardinit3.o ABSOLUTE
    ../clib/angel/handlers.s                 0x00000000   Number         0  __scatter_copy.o ABSOLUTE
    ../clib/angel/handlers.s                 0x00000000   Number         0  __scatter_zi.o ABSOLUTE
    ../clib/angel/kernel.s                   0x00000000   Number         0  rtexit2.o ABSOLUTE
    ../clib/angel/kernel.s                   0x00000000   Number         0  rtexit.o ABSOLUTE
    ../clib/angel/kernel.s                   0x00000000   Number         0  __rtentry2.o ABSOLUTE
    ../clib/angel/kernel.s                   0x00000000   Number         0  __rtentry.o ABSOLUTE
    ../clib/angel/kernel.s                   0x00000000   Number         0  __rtentry4.o ABSOLUTE
    ../clib/angel/rt.s                       0x00000000   Number         0  rt_raise.o ABSOLUTE
    ../clib/angel/scatter.s                  0x00000000   Number         0  __scatter.o ABSOLUTE
    ../clib/angel/startup.s                  0x00000000   Number         0  __main.o ABSOLUTE
    ../clib/angel/sys.s                      0x00000000   Number         0  indicate_semi.o ABSOLUTE
    ../clib/angel/sys.s                      0x00000000   Number         0  sys_stackheap_outer.o ABSOLUTE
    ../clib/angel/sys.s                      0x00000000   Number         0  use_no_semi_2.o ABSOLUTE
    ../clib/angel/sys.s                      0x00000000   Number         0  use_no_semi.o ABSOLUTE
    ../clib/angel/sys.s                      0x00000000   Number         0  libspace.o ABSOLUTE
    ../clib/angel/sysapp.c                   0x00000000   Number         0  sys_wrch.o ABSOLUTE
    ../clib/angel/sysapp.c                   0x00000000   Number         0  sys_command.o ABSOLUTE
    ../clib/armsys.c                         0x00000000   Number         0  no_argv.o ABSOLUTE
    ../clib/armsys.c                         0x00000000   Number         0  _get_argv_nomalloc.o ABSOLUTE
    ../clib/armsys.c                         0x00000000   Number         0  argv_veneer.o ABSOLUTE
    ../clib/armsys.c                         0x00000000   Number         0  argv_veneer.o ABSOLUTE
    ../clib/heapalloc.c                      0x00000000   Number         0  hrguard.o ABSOLUTE
    ../clib/heapaux.c                        0x00000000   Number         0  heapauxi.o ABSOLUTE
    ../clib/libinit.s                        0x00000000   Number         0  libshutdown2.o ABSOLUTE
    ../clib/libinit.s                        0x00000000   Number         0  libshutdown.o ABSOLUTE
    ../clib/libinit.s                        0x00000000   Number         0  libinit.o ABSOLUTE
    ../clib/libinit.s                        0x00000000   Number         0  libinit2.o ABSOLUTE
    ../clib/signal.c                         0x00000000   Number         0  defsig_fpe_inner.o ABSOLUTE
    ../clib/signal.c                         0x00000000   Number         0  defsig_rtred_inner.o ABSOLUTE
    ../clib/signal.c                         0x00000000   Number         0  defsig_stak_inner.o ABSOLUTE
    ../clib/signal.c                         0x00000000   Number         0  defsig_pvfn_inner.o ABSOLUTE
    ../clib/signal.c                         0x00000000   Number         0  defsig_cppl_inner.o ABSOLUTE
    ../clib/signal.c                         0x00000000   Number         0  defsig_segv_inner.o ABSOLUTE
    ../clib/signal.c                         0x00000000   Number         0  defsig_other.o ABSOLUTE
    ../clib/signal.c                         0x00000000   Number         0  defsig_rtmem_formal.o ABSOLUTE
    ../clib/signal.c                         0x00000000   Number         0  defsig_general.o ABSOLUTE
    ../clib/signal.c                         0x00000000   Number         0  defsig_rtmem_outer.o ABSOLUTE
    ../clib/signal.c                         0x00000000   Number         0  defsig_exit.o ABSOLUTE
    ../clib/signal.c                         0x00000000   Number         0  defsig_rtmem_inner.o ABSOLUTE
    ../clib/signal.c                         0x00000000   Number         0  __raise.o ABSOLUTE
    ../clib/signal.c                         0x00000000   Number         0  defsig_abrt_inner.o ABSOLUTE
    ../clib/signal.s                         0x00000000   Number         0  defsig.o ABSOLUTE
    ../clib/stdlib.c                         0x00000000   Number         0  exit.o ABSOLUTE
    ../fplib/basic.s                         0x00000000   Number         0  basic.o ABSOLUTE
    ../fplib/daddsub.s                       0x00000000   Number         0  daddsub_clz.o ABSOLUTE
    ../fplib/dcmpi.s                         0x00000000   Number         0  dcmpi.o ABSOLUTE
    ../fplib/ddiv.s                          0x00000000   Number         0  ddiv.o ABSOLUTE
    ../fplib/dfix.s                          0x00000000   Number         0  dfix.o ABSOLUTE
    ../fplib/dfixu.s                         0x00000000   Number         0  dfixu.o ABSOLUTE
    ../fplib/dflt.s                          0x00000000   Number         0  dflt_clz.o ABSOLUTE
    ../fplib/dleqf.s                         0x00000000   Number         0  dleqf.o ABSOLUTE
    ../fplib/dmul.s                          0x00000000   Number         0  dmul.o ABSOLUTE
    ../fplib/dnaninf.s                       0x00000000   Number         0  dnaninf.o ABSOLUTE
    ../fplib/dretinf.s                       0x00000000   Number         0  dretinf.o ABSOLUTE
    ../fplib/drleqf.s                        0x00000000   Number         0  drleqf.o ABSOLUTE
    ../fplib/f2d.s                           0x00000000   Number         0  f2d.o ABSOLUTE
    ../fplib/fnaninf.s                       0x00000000   Number         0  fnaninf.o ABSOLUTE
    ../fplib/fpinit.s                        0x00000000   Number         0  fpinit.o ABSOLUTE
    ../fplib/usenofp.s                       0x00000000   Number         0  usenofp.o ABSOLUTE
    ..\CORE\startup_stm32f40_41xxx.s         0x00000000   Number         0  startup_stm32f40_41xxx.o ABSOLUTE
    ..\FWLIB\src\misc.c                      0x00000000   Number         0  misc.o ABSOLUTE
    ..\FWLIB\src\stm32f4xx_adc.c             0x00000000   Number         0  stm32f4xx_adc.o ABSOLUTE
    ..\FWLIB\src\stm32f4xx_dac.c             0x00000000   Number         0  stm32f4xx_dac.o ABSOLUTE
    ..\FWLIB\src\stm32f4xx_dma.c             0x00000000   Number         0  stm32f4xx_dma.o ABSOLUTE
    ..\FWLIB\src\stm32f4xx_exti.c            0x00000000   Number         0  stm32f4xx_exti.o ABSOLUTE
    ..\FWLIB\src\stm32f4xx_gpio.c            0x00000000   Number         0  stm32f4xx_gpio.o ABSOLUTE
    ..\FWLIB\src\stm32f4xx_rcc.c             0x00000000   Number         0  stm32f4xx_rcc.o ABSOLUTE
    ..\FWLIB\src\stm32f4xx_syscfg.c          0x00000000   Number         0  stm32f4xx_syscfg.o ABSOLUTE
    ..\FWLIB\src\stm32f4xx_tim.c             0x00000000   Number         0  stm32f4xx_tim.o ABSOLUTE
    ..\FWLIB\src\stm32f4xx_usart.c           0x00000000   Number         0  stm32f4xx_usart.o ABSOLUTE
    ..\HARDWARE\DAC\dac.c                    0x00000000   Number         0  dac.o ABSOLUTE
    ..\HARDWARE\GPIO\gpio.c                  0x00000000   Number         0  gpio.o ABSOLUTE
    ..\HARDWARE\IIR\iir.c                    0x00000000   Number         0  iir.o ABSOLUTE
    ..\HARDWARE\OLED\oled.c                  0x00000000   Number         0  oled.o ABSOLUTE
    ..\HARDWARE\PID\PID.c                    0x00000000   Number         0  pid.o ABSOLUTE
    ..\HARDWARE\PWM\pwm.c                    0x00000000   Number         0  pwm.o ABSOLUTE
    ..\HARDWARE\TIMER\timer.c                0x00000000   Number         0  timer.o ABSOLUTE
    ..\HARDWARE\adc\adc.c                    0x00000000   Number         0  adc.o ABSOLUTE
    ..\SYSTEM\delay\delay.c                  0x00000000   Number         0  delay.o ABSOLUTE
    ..\SYSTEM\sys\sys.c                      0x00000000   Number         0  sys.o ABSOLUTE
    ..\SYSTEM\usart\usart.c                  0x00000000   Number         0  usart.o ABSOLUTE
    ..\\FWLIB\\src\\misc.c                   0x00000000   Number         0  misc.o ABSOLUTE
    ..\\FWLIB\\src\\stm32f4xx_adc.c          0x00000000   Number         0  stm32f4xx_adc.o ABSOLUTE
    ..\\FWLIB\\src\\stm32f4xx_dac.c          0x00000000   Number         0  stm32f4xx_dac.o ABSOLUTE
    ..\\FWLIB\\src\\stm32f4xx_dma.c          0x00000000   Number         0  stm32f4xx_dma.o ABSOLUTE
    ..\\FWLIB\\src\\stm32f4xx_exti.c         0x00000000   Number         0  stm32f4xx_exti.o ABSOLUTE
    ..\\FWLIB\\src\\stm32f4xx_gpio.c         0x00000000   Number         0  stm32f4xx_gpio.o ABSOLUTE
    ..\\FWLIB\\src\\stm32f4xx_rcc.c          0x00000000   Number         0  stm32f4xx_rcc.o ABSOLUTE
    ..\\FWLIB\\src\\stm32f4xx_syscfg.c       0x00000000   Number         0  stm32f4xx_syscfg.o ABSOLUTE
    ..\\FWLIB\\src\\stm32f4xx_tim.c          0x00000000   Number         0  stm32f4xx_tim.o ABSOLUTE
    ..\\FWLIB\\src\\stm32f4xx_usart.c        0x00000000   Number         0  stm32f4xx_usart.o ABSOLUTE
    ..\\HARDWARE\\DAC\\dac.c                 0x00000000   Number         0  dac.o ABSOLUTE
    ..\\HARDWARE\\GPIO\\gpio.c               0x00000000   Number         0  gpio.o ABSOLUTE
    ..\\HARDWARE\\IIR\\iir.c                 0x00000000   Number         0  iir.o ABSOLUTE
    ..\\HARDWARE\\OLED\\oled.c               0x00000000   Number         0  oled.o ABSOLUTE
    ..\\HARDWARE\\PID\\PID.c                 0x00000000   Number         0  pid.o ABSOLUTE
    ..\\HARDWARE\\PWM\\pwm.c                 0x00000000   Number         0  pwm.o ABSOLUTE
    ..\\HARDWARE\\TIMER\\timer.c             0x00000000   Number         0  timer.o ABSOLUTE
    ..\\HARDWARE\\adc\\adc.c                 0x00000000   Number         0  adc.o ABSOLUTE
    ..\\SYSTEM\\delay\\delay.c               0x00000000   Number         0  delay.o ABSOLUTE
    ..\\SYSTEM\\sys\\sys.c                   0x00000000   Number         0  sys.o ABSOLUTE
    ..\\SYSTEM\\usart\\usart.c               0x00000000   Number         0  usart.o ABSOLUTE
    dc.s                                     0x00000000   Number         0  dc.o ABSOLUTE
    main.c                                   0x00000000   Number         0  main.o ABSOLUTE
    main.c                                   0x00000000   Number         0  main.o ABSOLUTE
    stm32f4xx_it.c                           0x00000000   Number         0  stm32f4xx_it.o ABSOLUTE
    stm32f4xx_it.c                           0x00000000   Number         0  stm32f4xx_it.o ABSOLUTE
    system_stm32f4xx.c                       0x00000000   Number         0  system_stm32f4xx.o ABSOLUTE
    system_stm32f4xx.c                       0x00000000   Number         0  system_stm32f4xx.o ABSOLUTE
    RESET                                    0x08000000   Section      392  startup_stm32f40_41xxx.o(RESET)
    !!!main                                  0x08000188   Section        8  __main.o(!!!main)
    !!!scatter                               0x08000190   Section       52  __scatter.o(!!!scatter)
    !!handler_copy                           0x080001c4   Section       26  __scatter_copy.o(!!handler_copy)
    !!handler_zi                             0x080001e0   Section       28  __scatter_zi.o(!!handler_zi)
    .ARM.Collect$$libinit$$00000000          0x080001fc   Section        2  libinit.o(.ARM.Collect$$libinit$$00000000)
    .ARM.Collect$$libinit$$00000001          0x080001fe   Section        4  libinit2.o(.ARM.Collect$$libinit$$00000001)
    .ARM.Collect$$libinit$$00000004          0x08000202   Section        0  libinit2.o(.ARM.Collect$$libinit$$00000004)
    .ARM.Collect$$libinit$$0000000A          0x08000202   Section        0  libinit2.o(.ARM.Collect$$libinit$$0000000A)
    .ARM.Collect$$libinit$$0000000C          0x08000202   Section        0  libinit2.o(.ARM.Collect$$libinit$$0000000C)
    .ARM.Collect$$libinit$$0000000E          0x08000202   Section        0  libinit2.o(.ARM.Collect$$libinit$$0000000E)
    .ARM.Collect$$libinit$$00000011          0x08000202   Section        0  libinit2.o(.ARM.Collect$$libinit$$00000011)
    .ARM.Collect$$libinit$$00000013          0x08000202   Section        0  libinit2.o(.ARM.Collect$$libinit$$00000013)
    .ARM.Collect$$libinit$$00000015          0x08000202   Section        0  libinit2.o(.ARM.Collect$$libinit$$00000015)
    .ARM.Collect$$libinit$$00000017          0x08000202   Section        0  libinit2.o(.ARM.Collect$$libinit$$00000017)
    .ARM.Collect$$libinit$$00000019          0x08000202   Section        0  libinit2.o(.ARM.Collect$$libinit$$00000019)
    .ARM.Collect$$libinit$$0000001B          0x08000202   Section        0  libinit2.o(.ARM.Collect$$libinit$$0000001B)
    .ARM.Collect$$libinit$$0000001D          0x08000202   Section        0  libinit2.o(.ARM.Collect$$libinit$$0000001D)
    .ARM.Collect$$libinit$$0000001F          0x08000202   Section        0  libinit2.o(.ARM.Collect$$libinit$$0000001F)
    .ARM.Collect$$libinit$$00000021          0x08000202   Section        0  libinit2.o(.ARM.Collect$$libinit$$00000021)
    .ARM.Collect$$libinit$$00000023          0x08000202   Section        0  libinit2.o(.ARM.Collect$$libinit$$00000023)
    .ARM.Collect$$libinit$$00000025          0x08000202   Section        0  libinit2.o(.ARM.Collect$$libinit$$00000025)
    .ARM.Collect$$libinit$$0000002C          0x08000202   Section        0  libinit2.o(.ARM.Collect$$libinit$$0000002C)
    .ARM.Collect$$libinit$$0000002E          0x08000202   Section        0  libinit2.o(.ARM.Collect$$libinit$$0000002E)
    .ARM.Collect$$libinit$$00000030          0x08000202   Section        0  libinit2.o(.ARM.Collect$$libinit$$00000030)
    .ARM.Collect$$libinit$$00000032          0x08000202   Section        0  libinit2.o(.ARM.Collect$$libinit$$00000032)
    .ARM.Collect$$libinit$$00000033          0x08000202   Section        2  libinit2.o(.ARM.Collect$$libinit$$00000033)
    .ARM.Collect$$libshutdown$$00000000      0x08000204   Section        2  libshutdown.o(.ARM.Collect$$libshutdown$$00000000)
    .ARM.Collect$$libshutdown$$00000002      0x08000206   Section        0  libshutdown2.o(.ARM.Collect$$libshutdown$$00000002)
    .ARM.Collect$$libshutdown$$00000004      0x08000206   Section        0  libshutdown2.o(.ARM.Collect$$libshutdown$$00000004)
    .ARM.Collect$$libshutdown$$00000007      0x08000206   Section        0  libshutdown2.o(.ARM.Collect$$libshutdown$$00000007)
    .ARM.Collect$$libshutdown$$0000000A      0x08000206   Section        0  libshutdown2.o(.ARM.Collect$$libshutdown$$0000000A)
    .ARM.Collect$$libshutdown$$0000000C      0x08000206   Section        0  libshutdown2.o(.ARM.Collect$$libshutdown$$0000000C)
    .ARM.Collect$$libshutdown$$0000000F      0x08000206   Section        0  libshutdown2.o(.ARM.Collect$$libshutdown$$0000000F)
    .ARM.Collect$$libshutdown$$00000010      0x08000206   Section        2  libshutdown2.o(.ARM.Collect$$libshutdown$$00000010)
    .ARM.Collect$$rtentry$$00000000          0x08000208   Section        0  __rtentry.o(.ARM.Collect$$rtentry$$00000000)
    .ARM.Collect$$rtentry$$00000002          0x08000208   Section        0  __rtentry2.o(.ARM.Collect$$rtentry$$00000002)
    .ARM.Collect$$rtentry$$00000004          0x08000208   Section        6  __rtentry4.o(.ARM.Collect$$rtentry$$00000004)
    .ARM.Collect$$rtentry$$00000009          0x0800020e   Section        0  __rtentry2.o(.ARM.Collect$$rtentry$$00000009)
    .ARM.Collect$$rtentry$$0000000A          0x0800020e   Section        4  __rtentry2.o(.ARM.Collect$$rtentry$$0000000A)
    .ARM.Collect$$rtentry$$0000000C          0x08000212   Section        0  __rtentry2.o(.ARM.Collect$$rtentry$$0000000C)
    .ARM.Collect$$rtentry$$0000000D          0x08000212   Section        8  __rtentry2.o(.ARM.Collect$$rtentry$$0000000D)
    .ARM.Collect$$rtexit$$00000000           0x0800021a   Section        2  rtexit.o(.ARM.Collect$$rtexit$$00000000)
    .ARM.Collect$$rtexit$$00000002           0x0800021c   Section        0  rtexit2.o(.ARM.Collect$$rtexit$$00000002)
    .ARM.Collect$$rtexit$$00000003           0x0800021c   Section        4  rtexit2.o(.ARM.Collect$$rtexit$$00000003)
    .ARM.Collect$$rtexit$$00000004           0x08000220   Section        6  rtexit2.o(.ARM.Collect$$rtexit$$00000004)
    .text                                    0x08000226   Section        0  main.o(.text)
    .text                                    0x0800024c   Section        0  stm32f4xx_it.o(.text)
    .text                                    0x08000268   Section        0  system_stm32f4xx.o(.text)
    SetSysClock                              0x08000269   Thumb Code   220  system_stm32f4xx.o(.text)
    .text                                    0x08000478   Section        0  iir.o(.text)
    .text                                    0x08000648   Section        0  dac.o(.text)
    .text                                    0x080006d0   Section        0  timer.o(.text)
    .text                                    0x08000ba4   Section        0  pwm.o(.text)
    .text                                    0x08000db0   Section        0  delay.o(.text)
    .text                                    0x08000eb4   Section        0  usart.o(.text)
    .text                                    0x08000ffc   Section       64  startup_stm32f40_41xxx.o(.text)
    $v0                                      0x08000ffc   Number         0  startup_stm32f40_41xxx.o(.text)
    .text                                    0x0800103c   Section        0  misc.o(.text)
    .text                                    0x0800111c   Section        0  stm32f4xx_gpio.o(.text)
    .text                                    0x080013b0   Section        0  stm32f4xx_usart.o(.text)
    .text                                    0x08001804   Section        0  stm32f4xx_tim.o(.text)
    TI4_Config                               0x08001fa3   Thumb Code    80  stm32f4xx_tim.o(.text)
    TI3_Config                               0x08002005   Thumb Code    72  stm32f4xx_tim.o(.text)
    TI2_Config                               0x08002067   Thumb Code    90  stm32f4xx_tim.o(.text)
    TI1_Config                               0x080020d3   Thumb Code    58  stm32f4xx_tim.o(.text)
    .text                                    0x080024a8   Section        0  stm32f4xx_rcc.o(.text)
    .text                                    0x08002b04   Section        0  stm32f4xx_dac.o(.text)
    .text                                    0x08002d14   Section        2  use_no_semi_2.o(.text)
    .text                                    0x08002d16   Section        0  heapauxi.o(.text)
    .text                                    0x08002d1c   Section        2  use_no_semi.o(.text)
    .text                                    0x08002d1e   Section       74  sys_stackheap_outer.o(.text)
    .text                                    0x08002d68   Section        0  exit.o(.text)
    .text                                    0x08002d7c   Section        8  libspace.o(.text)
    x$fpl$dadd                               0x08002d84   Section      336  daddsub_clz.o(x$fpl$dadd)
    $v0                                      0x08002d84   Number         0  daddsub_clz.o(x$fpl$dadd)
    _dadd1                                   0x08002d95   Thumb Code     0  daddsub_clz.o(x$fpl$dadd)
    x$fpl$dcmpinf                            0x08002ed4   Section       24  dcmpi.o(x$fpl$dcmpinf)
    $v0                                      0x08002ed4   Number         0  dcmpi.o(x$fpl$dcmpinf)
    x$fpl$ddiv                               0x08002eec   Section      688  ddiv.o(x$fpl$ddiv)
    $v0                                      0x08002eec   Number         0  ddiv.o(x$fpl$ddiv)
    ddiv_entry                               0x08002ef3   Thumb Code     0  ddiv.o(x$fpl$ddiv)
    x$fpl$dfixu                              0x0800319c   Section       90  dfixu.o(x$fpl$dfixu)
    $v0                                      0x0800319c   Number         0  dfixu.o(x$fpl$dfixu)
    x$fpl$dflt                               0x080031f6   Section       46  dflt_clz.o(x$fpl$dflt)
    $v0                                      0x080031f6   Number         0  dflt_clz.o(x$fpl$dflt)
    x$fpl$dfltu                              0x08003224   Section       38  dflt_clz.o(x$fpl$dfltu)
    $v0                                      0x08003224   Number         0  dflt_clz.o(x$fpl$dfltu)
    x$fpl$dleqf                              0x0800324c   Section      120  dleqf.o(x$fpl$dleqf)
    $v0                                      0x0800324c   Number         0  dleqf.o(x$fpl$dleqf)
    x$fpl$dmul                               0x080032c4   Section      340  dmul.o(x$fpl$dmul)
    $v0                                      0x080032c4   Number         0  dmul.o(x$fpl$dmul)
    x$fpl$dnaninf                            0x08003418   Section      156  dnaninf.o(x$fpl$dnaninf)
    $v0                                      0x08003418   Number         0  dnaninf.o(x$fpl$dnaninf)
    x$fpl$dretinf                            0x080034b4   Section       12  dretinf.o(x$fpl$dretinf)
    $v0                                      0x080034b4   Number         0  dretinf.o(x$fpl$dretinf)
    x$fpl$drleqf                             0x080034c0   Section      108  drleqf.o(x$fpl$drleqf)
    $v0                                      0x080034c0   Number         0  drleqf.o(x$fpl$drleqf)
    x$fpl$drsb                               0x0800352c   Section       22  daddsub_clz.o(x$fpl$drsb)
    $v0                                      0x0800352c   Number         0  daddsub_clz.o(x$fpl$drsb)
    x$fpl$dsub                               0x08003544   Section      468  daddsub_clz.o(x$fpl$dsub)
    $v0                                      0x08003544   Number         0  daddsub_clz.o(x$fpl$dsub)
    _dsub1                                   0x08003555   Thumb Code     0  daddsub_clz.o(x$fpl$dsub)
    x$fpl$f2d                                0x08003718   Section       86  f2d.o(x$fpl$f2d)
    $v0                                      0x08003718   Number         0  f2d.o(x$fpl$f2d)
    x$fpl$fnaninf                            0x0800376e   Section      140  fnaninf.o(x$fpl$fnaninf)
    $v0                                      0x0800376e   Number         0  fnaninf.o(x$fpl$fnaninf)
    x$fpl$fpinit                             0x080037fa   Section       10  fpinit.o(x$fpl$fpinit)
    $v0                                      0x080037fa   Number         0  fpinit.o(x$fpl$fpinit)
    .constdata                               0x08003804   Section     2400  timer.o(.constdata)
    x$fpl$usenofp                            0x08003804   Section        0  usenofp.o(x$fpl$usenofp)
    .data                                    0x20000000   Section       20  system_stm32f4xx.o(.data)
    .data                                    0x20000018   Section       56  iir.o(.data)
    .data                                    0x20000050   Section        8  adc.o(.data)
    .data                                    0x20000058   Section      140  timer.o(.data)
    period_cnt                               0x200000e0   Data           2  timer.o(.data)
    pwm_index                                0x200000e2   Data           2  timer.o(.data)
    .data                                    0x200000e4   Section        4  delay.o(.data)
    fac_us                                   0x200000e4   Data           1  delay.o(.data)
    fac_ms                                   0x200000e6   Data           2  delay.o(.data)
    .data                                    0x200000e8   Section        6  usart.o(.data)
    .data                                    0x200000ee   Section       16  stm32f4xx_rcc.o(.data)
    APBAHBPrescTable                         0x200000ee   Data          16  stm32f4xx_rcc.o(.data)
    .bss                                     0x20000100   Section       48  iir.o(.bss)
    .bss                                     0x20000130   Section       16  timer.o(.bss)
    .bss                                     0x20000140   Section      200  usart.o(.bss)
    .bss                                     0x20000208   Section       96  libspace.o(.bss)
    HEAP                                     0x20000268   Section      512  startup_stm32f40_41xxx.o(HEAP)
    Heap_Mem                                 0x20000268   Data         512  startup_stm32f40_41xxx.o(HEAP)
    STACK                                    0x20000468   Section     1024  startup_stm32f40_41xxx.o(STACK)
    Stack_Mem                                0x20000468   Data        1024  startup_stm32f40_41xxx.o(STACK)
    __initial_sp                             0x20000868   Data           0  startup_stm32f40_41xxx.o(STACK)

    Global Symbols

    Symbol Name                              Value     Ov Type        Size  Object(Section)

    BuildAttributes$$THM_ISAv4$E$P$D$K$B$S$7EM$VFPi3$EXTD16$VFPS$VFMA$PE$A:L22UL41UL21$X:L11$S22US41US21$IEEE1$IW$USESV6$~STKCKD$USESV7$~SHL$OSPACE$ROPI$EBA8$UX$STANDARDLIB$REQ8$PRES8$EABIv2 0x00000000   Number         0  anon$$obj.o ABSOLUTE
    __ARM_use_no_argv                        0x00000000   Number         0  main.o ABSOLUTE
    __ARM_exceptions_init                     - Undefined Weak Reference
    __alloca_initialize                       - Undefined Weak Reference
    __arm_preinit_                            - Undefined Weak Reference
    __cpp_initialize__aeabi_                  - Undefined Weak Reference
    __cxa_finalize                            - Undefined Weak Reference
    __rt_locale                               - Undefined Weak Reference
    __sigvec_lookup                           - Undefined Weak Reference
    _atexit_init                              - Undefined Weak Reference
    _call_atexit_fns                          - Undefined Weak Reference
    _clock_init                               - Undefined Weak Reference
    _fp_trap_init                             - Undefined Weak Reference
    _fp_trap_shutdown                         - Undefined Weak Reference
    _get_lc_collate                           - Undefined Weak Reference
    _get_lc_ctype                             - Undefined Weak Reference
    _get_lc_monetary                          - Undefined Weak Reference
    _get_lc_numeric                           - Undefined Weak Reference
    _get_lc_time                              - Undefined Weak Reference
    _getenv_init                              - Undefined Weak Reference
    _handle_redirection                       - Undefined Weak Reference
    _init_alloc                               - Undefined Weak Reference
    _init_user_alloc                          - Undefined Weak Reference
    _initio                                   - Undefined Weak Reference
    _rand_init                                - Undefined Weak Reference
    _signal_finish                            - Undefined Weak Reference
    _signal_init                              - Undefined Weak Reference
    _terminate_alloc                          - Undefined Weak Reference
    _terminate_user_alloc                     - Undefined Weak Reference
    _terminateio                              - Undefined Weak Reference
    __Vectors_Size                           0x00000188   Number         0  startup_stm32f40_41xxx.o ABSOLUTE
    __Vectors                                0x08000000   Data           4  startup_stm32f40_41xxx.o(RESET)
    __Vectors_End                            0x08000188   Data           0  startup_stm32f40_41xxx.o(RESET)
    __main                                   0x08000189   Thumb Code     8  __main.o(!!!main)
    __scatterload                            0x08000191   Thumb Code     0  __scatter.o(!!!scatter)
    __scatterload_rt2                        0x08000191   Thumb Code    44  __scatter.o(!!!scatter)
    __scatterload_rt2_thumb_only             0x08000191   Thumb Code     0  __scatter.o(!!!scatter)
    __scatterload_null                       0x0800019f   Thumb Code     0  __scatter.o(!!!scatter)
    __scatterload_copy                       0x080001c5   Thumb Code    26  __scatter_copy.o(!!handler_copy)
    __scatterload_zeroinit                   0x080001e1   Thumb Code    28  __scatter_zi.o(!!handler_zi)
    __rt_lib_init                            0x080001fd   Thumb Code     0  libinit.o(.ARM.Collect$$libinit$$00000000)
    __rt_lib_init_fp_1                       0x080001ff   Thumb Code     0  libinit2.o(.ARM.Collect$$libinit$$00000001)
    __rt_lib_init_alloca_1                   0x08000203   Thumb Code     0  libinit2.o(.ARM.Collect$$libinit$$0000002E)
    __rt_lib_init_argv_1                     0x08000203   Thumb Code     0  libinit2.o(.ARM.Collect$$libinit$$0000002C)
    __rt_lib_init_atexit_1                   0x08000203   Thumb Code     0  libinit2.o(.ARM.Collect$$libinit$$0000001B)
    __rt_lib_init_clock_1                    0x08000203   Thumb Code     0  libinit2.o(.ARM.Collect$$libinit$$00000021)
    __rt_lib_init_cpp_1                      0x08000203   Thumb Code     0  libinit2.o(.ARM.Collect$$libinit$$00000032)
    __rt_lib_init_exceptions_1               0x08000203   Thumb Code     0  libinit2.o(.ARM.Collect$$libinit$$00000030)
    __rt_lib_init_fp_trap_1                  0x08000203   Thumb Code     0  libinit2.o(.ARM.Collect$$libinit$$0000001F)
    __rt_lib_init_getenv_1                   0x08000203   Thumb Code     0  libinit2.o(.ARM.Collect$$libinit$$00000023)
    __rt_lib_init_heap_1                     0x08000203   Thumb Code     0  libinit2.o(.ARM.Collect$$libinit$$0000000A)
    __rt_lib_init_lc_collate_1               0x08000203   Thumb Code     0  libinit2.o(.ARM.Collect$$libinit$$00000011)
    __rt_lib_init_lc_ctype_1                 0x08000203   Thumb Code     0  libinit2.o(.ARM.Collect$$libinit$$00000013)
    __rt_lib_init_lc_monetary_1              0x08000203   Thumb Code     0  libinit2.o(.ARM.Collect$$libinit$$00000015)
    __rt_lib_init_lc_numeric_1               0x08000203   Thumb Code     0  libinit2.o(.ARM.Collect$$libinit$$00000017)
    __rt_lib_init_lc_time_1                  0x08000203   Thumb Code     0  libinit2.o(.ARM.Collect$$libinit$$00000019)
    __rt_lib_init_preinit_1                  0x08000203   Thumb Code     0  libinit2.o(.ARM.Collect$$libinit$$00000004)
    __rt_lib_init_rand_1                     0x08000203   Thumb Code     0  libinit2.o(.ARM.Collect$$libinit$$0000000E)
    __rt_lib_init_return                     0x08000203   Thumb Code     0  libinit2.o(.ARM.Collect$$libinit$$00000033)
    __rt_lib_init_signal_1                   0x08000203   Thumb Code     0  libinit2.o(.ARM.Collect$$libinit$$0000001D)
    __rt_lib_init_stdio_1                    0x08000203   Thumb Code     0  libinit2.o(.ARM.Collect$$libinit$$00000025)
    __rt_lib_init_user_alloc_1               0x08000203   Thumb Code     0  libinit2.o(.ARM.Collect$$libinit$$0000000C)
    __rt_lib_shutdown                        0x08000205   Thumb Code     0  libshutdown.o(.ARM.Collect$$libshutdown$$00000000)
    __rt_lib_shutdown_cpp_1                  0x08000207   Thumb Code     0  libshutdown2.o(.ARM.Collect$$libshutdown$$00000002)
    __rt_lib_shutdown_fp_trap_1              0x08000207   Thumb Code     0  libshutdown2.o(.ARM.Collect$$libshutdown$$00000007)
    __rt_lib_shutdown_heap_1                 0x08000207   Thumb Code     0  libshutdown2.o(.ARM.Collect$$libshutdown$$0000000F)
    __rt_lib_shutdown_return                 0x08000207   Thumb Code     0  libshutdown2.o(.ARM.Collect$$libshutdown$$00000010)
    __rt_lib_shutdown_signal_1               0x08000207   Thumb Code     0  libshutdown2.o(.ARM.Collect$$libshutdown$$0000000A)
    __rt_lib_shutdown_stdio_1                0x08000207   Thumb Code     0  libshutdown2.o(.ARM.Collect$$libshutdown$$00000004)
    __rt_lib_shutdown_user_alloc_1           0x08000207   Thumb Code     0  libshutdown2.o(.ARM.Collect$$libshutdown$$0000000C)
    __rt_entry                               0x08000209   Thumb Code     0  __rtentry.o(.ARM.Collect$$rtentry$$00000000)
    __rt_entry_presh_1                       0x08000209   Thumb Code     0  __rtentry2.o(.ARM.Collect$$rtentry$$00000002)
    __rt_entry_sh                            0x08000209   Thumb Code     0  __rtentry4.o(.ARM.Collect$$rtentry$$00000004)
    __rt_entry_li                            0x0800020f   Thumb Code     0  __rtentry2.o(.ARM.Collect$$rtentry$$0000000A)
    __rt_entry_postsh_1                      0x0800020f   Thumb Code     0  __rtentry2.o(.ARM.Collect$$rtentry$$00000009)
    __rt_entry_main                          0x08000213   Thumb Code     0  __rtentry2.o(.ARM.Collect$$rtentry$$0000000D)
    __rt_entry_postli_1                      0x08000213   Thumb Code     0  __rtentry2.o(.ARM.Collect$$rtentry$$0000000C)
    __rt_exit                                0x0800021b   Thumb Code     0  rtexit.o(.ARM.Collect$$rtexit$$00000000)
    __rt_exit_ls                             0x0800021d   Thumb Code     0  rtexit2.o(.ARM.Collect$$rtexit$$00000003)
    __rt_exit_prels_1                        0x0800021d   Thumb Code     0  rtexit2.o(.ARM.Collect$$rtexit$$00000002)
    __rt_exit_exit                           0x08000221   Thumb Code     0  rtexit2.o(.ARM.Collect$$rtexit$$00000004)
    main                                     0x08000227   Thumb Code    38  main.o(.text)
    NMI_Handler                              0x0800024d   Thumb Code     2  stm32f4xx_it.o(.text)
    HardFault_Handler                        0x0800024f   Thumb Code     4  stm32f4xx_it.o(.text)
    MemManage_Handler                        0x08000253   Thumb Code     4  stm32f4xx_it.o(.text)
    BusFault_Handler                         0x08000257   Thumb Code     4  stm32f4xx_it.o(.text)
    UsageFault_Handler                       0x0800025b   Thumb Code     4  stm32f4xx_it.o(.text)
    SVC_Handler                              0x0800025f   Thumb Code     2  stm32f4xx_it.o(.text)
    DebugMon_Handler                         0x08000261   Thumb Code     2  stm32f4xx_it.o(.text)
    PendSV_Handler                           0x08000263   Thumb Code     2  stm32f4xx_it.o(.text)
    SysTick_Handler                          0x08000265   Thumb Code     2  stm32f4xx_it.o(.text)
    SystemInit                               0x08000345   Thumb Code    88  system_stm32f4xx.o(.text)
    SystemCoreClockUpdate                    0x0800039d   Thumb Code   174  system_stm32f4xx.o(.text)
    IIR_Realize                              0x08000479   Thumb Code   434  iir.o(.text)
    Dac1_Init                                0x08000649   Thumb Code    84  dac.o(.text)
    Dac1_Set_Vol                             0x0800069d   Thumb Code    46  dac.o(.text)
    TIM3_Int_Init                            0x080006d1   Thumb Code    86  timer.o(.text)
    TIM3_IRQHandler                          0x08000727   Thumb Code   250  timer.o(.text)
    TIM4_Int_Init                            0x08000821   Thumb Code    88  timer.o(.text)
    TIM4_IRQHandler                          0x08000879   Thumb Code   804  timer.o(.text)
    TIM8_PWM_Init                            0x08000ba5   Thumb Code   506  pwm.o(.text)
    delay_init                               0x08000db1   Thumb Code    52  delay.o(.text)
    delay_us                                 0x08000de5   Thumb Code    72  delay.o(.text)
    delay_xms                                0x08000e2d   Thumb Code    72  delay.o(.text)
    delay_ms                                 0x08000e75   Thumb Code    56  delay.o(.text)
    _sys_exit                                0x08000eb5   Thumb Code     4  usart.o(.text)
    fputc                                    0x08000eb9   Thumb Code    22  usart.o(.text)
    uart_init                                0x08000ecf   Thumb Code   164  usart.o(.text)
    USART1_IRQHandler                        0x08000f73   Thumb Code   122  usart.o(.text)
    Reset_Handler                            0x08000ffd   Thumb Code     8  startup_stm32f40_41xxx.o(.text)
    ADC_IRQHandler                           0x08001017   Thumb Code     0  startup_stm32f40_41xxx.o(.text)
    CAN1_RX0_IRQHandler                      0x08001017   Thumb Code     0  startup_stm32f40_41xxx.o(.text)
    CAN1_RX1_IRQHandler                      0x08001017   Thumb Code     0  startup_stm32f40_41xxx.o(.text)
    CAN1_SCE_IRQHandler                      0x08001017   Thumb Code     0  startup_stm32f40_41xxx.o(.text)
    CAN1_TX_IRQHandler                       0x08001017   Thumb Code     0  startup_stm32f40_41xxx.o(.text)
    CAN2_RX0_IRQHandler                      0x08001017   Thumb Code     0  startup_stm32f40_41xxx.o(.text)
    CAN2_RX1_IRQHandler                      0x08001017   Thumb Code     0  startup_stm32f40_41xxx.o(.text)
    CAN2_SCE_IRQHandler                      0x08001017   Thumb Code     0  startup_stm32f40_41xxx.o(.text)
    CAN2_TX_IRQHandler                       0x08001017   Thumb Code     0  startup_stm32f40_41xxx.o(.text)
    CRYP_IRQHandler                          0x08001017   Thumb Code     0  startup_stm32f40_41xxx.o(.text)
    DCMI_IRQHandler                          0x08001017   Thumb Code     0  startup_stm32f40_41xxx.o(.text)
    DMA1_Stream0_IRQHandler                  0x08001017   Thumb Code     0  startup_stm32f40_41xxx.o(.text)
    DMA1_Stream1_IRQHandler                  0x08001017   Thumb Code     0  startup_stm32f40_41xxx.o(.text)
    DMA1_Stream2_IRQHandler                  0x08001017   Thumb Code     0  startup_stm32f40_41xxx.o(.text)
    DMA1_Stream3_IRQHandler                  0x08001017   Thumb Code     0  startup_stm32f40_41xxx.o(.text)
    DMA1_Stream4_IRQHandler                  0x08001017   Thumb Code     0  startup_stm32f40_41xxx.o(.text)
    DMA1_Stream5_IRQHandler                  0x08001017   Thumb Code     0  startup_stm32f40_41xxx.o(.text)
    DMA1_Stream6_IRQHandler                  0x08001017   Thumb Code     0  startup_stm32f40_41xxx.o(.text)
    DMA1_Stream7_IRQHandler                  0x08001017   Thumb Code     0  startup_stm32f40_41xxx.o(.text)
    DMA2_Stream0_IRQHandler                  0x08001017   Thumb Code     0  startup_stm32f40_41xxx.o(.text)
    DMA2_Stream1_IRQHandler                  0x08001017   Thumb Code     0  startup_stm32f40_41xxx.o(.text)
    DMA2_Stream2_IRQHandler                  0x08001017   Thumb Code     0  startup_stm32f40_41xxx.o(.text)
    DMA2_Stream3_IRQHandler                  0x08001017   Thumb Code     0  startup_stm32f40_41xxx.o(.text)
    DMA2_Stream4_IRQHandler                  0x08001017   Thumb Code     0  startup_stm32f40_41xxx.o(.text)
    DMA2_Stream5_IRQHandler                  0x08001017   Thumb Code     0  startup_stm32f40_41xxx.o(.text)
    DMA2_Stream6_IRQHandler                  0x08001017   Thumb Code     0  startup_stm32f40_41xxx.o(.text)
    DMA2_Stream7_IRQHandler                  0x08001017   Thumb Code     0  startup_stm32f40_41xxx.o(.text)
    ETH_IRQHandler                           0x08001017   Thumb Code     0  startup_stm32f40_41xxx.o(.text)
    ETH_WKUP_IRQHandler                      0x08001017   Thumb Code     0  startup_stm32f40_41xxx.o(.text)
    EXTI0_IRQHandler                         0x08001017   Thumb Code     0  startup_stm32f40_41xxx.o(.text)
    EXTI15_10_IRQHandler                     0x08001017   Thumb Code     0  startup_stm32f40_41xxx.o(.text)
    EXTI1_IRQHandler                         0x08001017   Thumb Code     0  startup_stm32f40_41xxx.o(.text)
    EXTI2_IRQHandler                         0x08001017   Thumb Code     0  startup_stm32f40_41xxx.o(.text)
    EXTI3_IRQHandler                         0x08001017   Thumb Code     0  startup_stm32f40_41xxx.o(.text)
    EXTI4_IRQHandler                         0x08001017   Thumb Code     0  startup_stm32f40_41xxx.o(.text)
    EXTI9_5_IRQHandler                       0x08001017   Thumb Code     0  startup_stm32f40_41xxx.o(.text)
    FLASH_IRQHandler                         0x08001017   Thumb Code     0  startup_stm32f40_41xxx.o(.text)
    FPU_IRQHandler                           0x08001017   Thumb Code     0  startup_stm32f40_41xxx.o(.text)
    FSMC_IRQHandler                          0x08001017   Thumb Code     0  startup_stm32f40_41xxx.o(.text)
    HASH_RNG_IRQHandler                      0x08001017   Thumb Code     0  startup_stm32f40_41xxx.o(.text)
    I2C1_ER_IRQHandler                       0x08001017   Thumb Code     0  startup_stm32f40_41xxx.o(.text)
    I2C1_EV_IRQHandler                       0x08001017   Thumb Code     0  startup_stm32f40_41xxx.o(.text)
    I2C2_ER_IRQHandler                       0x08001017   Thumb Code     0  startup_stm32f40_41xxx.o(.text)
    I2C2_EV_IRQHandler                       0x08001017   Thumb Code     0  startup_stm32f40_41xxx.o(.text)
    I2C3_ER_IRQHandler                       0x08001017   Thumb Code     0  startup_stm32f40_41xxx.o(.text)
    I2C3_EV_IRQHandler                       0x08001017   Thumb Code     0  startup_stm32f40_41xxx.o(.text)
    OTG_FS_IRQHandler                        0x08001017   Thumb Code     0  startup_stm32f40_41xxx.o(.text)
    OTG_FS_WKUP_IRQHandler                   0x08001017   Thumb Code     0  startup_stm32f40_41xxx.o(.text)
    OTG_HS_EP1_IN_IRQHandler                 0x08001017   Thumb Code     0  startup_stm32f40_41xxx.o(.text)
    OTG_HS_EP1_OUT_IRQHandler                0x08001017   Thumb Code     0  startup_stm32f40_41xxx.o(.text)
    OTG_HS_IRQHandler                        0x08001017   Thumb Code     0  startup_stm32f40_41xxx.o(.text)
    OTG_HS_WKUP_IRQHandler                   0x08001017   Thumb Code     0  startup_stm32f40_41xxx.o(.text)
    PVD_IRQHandler                           0x08001017   Thumb Code     0  startup_stm32f40_41xxx.o(.text)
    RCC_IRQHandler                           0x08001017   Thumb Code     0  startup_stm32f40_41xxx.o(.text)
    RTC_Alarm_IRQHandler                     0x08001017   Thumb Code     0  startup_stm32f40_41xxx.o(.text)
    RTC_WKUP_IRQHandler                      0x08001017   Thumb Code     0  startup_stm32f40_41xxx.o(.text)
    SDIO_IRQHandler                          0x08001017   Thumb Code     0  startup_stm32f40_41xxx.o(.text)
    SPI1_IRQHandler                          0x08001017   Thumb Code     0  startup_stm32f40_41xxx.o(.text)
    SPI2_IRQHandler                          0x08001017   Thumb Code     0  startup_stm32f40_41xxx.o(.text)
    SPI3_IRQHandler                          0x08001017   Thumb Code     0  startup_stm32f40_41xxx.o(.text)
    TAMP_STAMP_IRQHandler                    0x08001017   Thumb Code     0  startup_stm32f40_41xxx.o(.text)
    TIM1_BRK_TIM9_IRQHandler                 0x08001017   Thumb Code     0  startup_stm32f40_41xxx.o(.text)
    TIM1_CC_IRQHandler                       0x08001017   Thumb Code     0  startup_stm32f40_41xxx.o(.text)
    TIM1_TRG_COM_TIM11_IRQHandler            0x08001017   Thumb Code     0  startup_stm32f40_41xxx.o(.text)
    TIM1_UP_TIM10_IRQHandler                 0x08001017   Thumb Code     0  startup_stm32f40_41xxx.o(.text)
    TIM2_IRQHandler                          0x08001017   Thumb Code     0  startup_stm32f40_41xxx.o(.text)
    TIM5_IRQHandler                          0x08001017   Thumb Code     0  startup_stm32f40_41xxx.o(.text)
    TIM6_DAC_IRQHandler                      0x08001017   Thumb Code     0  startup_stm32f40_41xxx.o(.text)
    TIM7_IRQHandler                          0x08001017   Thumb Code     0  startup_stm32f40_41xxx.o(.text)
    TIM8_BRK_TIM12_IRQHandler                0x08001017   Thumb Code     0  startup_stm32f40_41xxx.o(.text)
    TIM8_CC_IRQHandler                       0x08001017   Thumb Code     0  startup_stm32f40_41xxx.o(.text)
    TIM8_TRG_COM_TIM14_IRQHandler            0x08001017   Thumb Code     0  startup_stm32f40_41xxx.o(.text)
    TIM8_UP_TIM13_IRQHandler                 0x08001017   Thumb Code     0  startup_stm32f40_41xxx.o(.text)
    UART4_IRQHandler                         0x08001017   Thumb Code     0  startup_stm32f40_41xxx.o(.text)
    UART5_IRQHandler                         0x08001017   Thumb Code     0  startup_stm32f40_41xxx.o(.text)
    USART2_IRQHandler                        0x08001017   Thumb Code     0  startup_stm32f40_41xxx.o(.text)
    USART3_IRQHandler                        0x08001017   Thumb Code     0  startup_stm32f40_41xxx.o(.text)
    USART6_IRQHandler                        0x08001017   Thumb Code     0  startup_stm32f40_41xxx.o(.text)
    WWDG_IRQHandler                          0x08001017   Thumb Code     0  startup_stm32f40_41xxx.o(.text)
    __user_initial_stackheap                 0x08001019   Thumb Code     0  startup_stm32f40_41xxx.o(.text)
    NVIC_PriorityGroupConfig                 0x0800103d   Thumb Code    10  misc.o(.text)
    NVIC_Init                                0x08001047   Thumb Code   106  misc.o(.text)
    NVIC_SetVectorTable                      0x080010b1   Thumb Code    14  misc.o(.text)
    NVIC_SystemLPConfig                      0x080010bf   Thumb Code    34  misc.o(.text)
    SysTick_CLKSourceConfig                  0x080010e1   Thumb Code    40  misc.o(.text)
    GPIO_DeInit                              0x0800111d   Thumb Code   268  stm32f4xx_gpio.o(.text)
    GPIO_Init                                0x08001229   Thumb Code   144  stm32f4xx_gpio.o(.text)
    GPIO_StructInit                          0x080012b9   Thumb Code    18  stm32f4xx_gpio.o(.text)
    GPIO_PinLockConfig                       0x080012cb   Thumb Code    34  stm32f4xx_gpio.o(.text)
    GPIO_ReadInputDataBit                    0x080012ed   Thumb Code    18  stm32f4xx_gpio.o(.text)
    GPIO_ReadInputData                       0x080012ff   Thumb Code     8  stm32f4xx_gpio.o(.text)
    GPIO_ReadOutputDataBit                   0x08001307   Thumb Code    18  stm32f4xx_gpio.o(.text)
    GPIO_ReadOutputData                      0x08001319   Thumb Code     8  stm32f4xx_gpio.o(.text)
    GPIO_SetBits                             0x08001321   Thumb Code     4  stm32f4xx_gpio.o(.text)
    GPIO_ResetBits                           0x08001325   Thumb Code     4  stm32f4xx_gpio.o(.text)
    GPIO_WriteBit                            0x08001329   Thumb Code    10  stm32f4xx_gpio.o(.text)
    GPIO_Write                               0x08001333   Thumb Code     4  stm32f4xx_gpio.o(.text)
    GPIO_ToggleBits                          0x08001337   Thumb Code     8  stm32f4xx_gpio.o(.text)
    GPIO_PinAFConfig                         0x0800133f   Thumb Code    70  stm32f4xx_gpio.o(.text)
    USART_DeInit                             0x080013b1   Thumb Code   206  stm32f4xx_usart.o(.text)
    USART_Init                               0x0800147f   Thumb Code   204  stm32f4xx_usart.o(.text)
    USART_StructInit                         0x0800154b   Thumb Code    24  stm32f4xx_usart.o(.text)
    USART_ClockInit                          0x08001563   Thumb Code    32  stm32f4xx_usart.o(.text)
    USART_ClockStructInit                    0x08001583   Thumb Code    12  stm32f4xx_usart.o(.text)
    USART_Cmd                                0x0800158f   Thumb Code    24  stm32f4xx_usart.o(.text)
    USART_SetPrescaler                       0x080015a7   Thumb Code    16  stm32f4xx_usart.o(.text)
    USART_OverSampling8Cmd                   0x080015b7   Thumb Code    22  stm32f4xx_usart.o(.text)
    USART_OneBitMethodCmd                    0x080015cd   Thumb Code    24  stm32f4xx_usart.o(.text)
    USART_SendData                           0x080015e5   Thumb Code     8  stm32f4xx_usart.o(.text)
    USART_ReceiveData                        0x080015ed   Thumb Code    10  stm32f4xx_usart.o(.text)
    USART_SetAddress                         0x080015f7   Thumb Code    18  stm32f4xx_usart.o(.text)
    USART_ReceiverWakeUpCmd                  0x08001609   Thumb Code    24  stm32f4xx_usart.o(.text)
    USART_WakeUpConfig                       0x08001621   Thumb Code    18  stm32f4xx_usart.o(.text)
    USART_LINBreakDetectLengthConfig         0x08001633   Thumb Code    18  stm32f4xx_usart.o(.text)
    USART_LINCmd                             0x08001645   Thumb Code    24  stm32f4xx_usart.o(.text)
    USART_SendBreak                          0x0800165d   Thumb Code    10  stm32f4xx_usart.o(.text)
    USART_HalfDuplexCmd                      0x08001667   Thumb Code    24  stm32f4xx_usart.o(.text)
    USART_SetGuardTime                       0x0800167f   Thumb Code    16  stm32f4xx_usart.o(.text)
    USART_SmartCardCmd                       0x0800168f   Thumb Code    24  stm32f4xx_usart.o(.text)
    USART_SmartCardNACKCmd                   0x080016a7   Thumb Code    24  stm32f4xx_usart.o(.text)
    USART_IrDAConfig                         0x080016bf   Thumb Code    18  stm32f4xx_usart.o(.text)
    USART_IrDACmd                            0x080016d1   Thumb Code    24  stm32f4xx_usart.o(.text)
    USART_DMACmd                             0x080016e9   Thumb Code    18  stm32f4xx_usart.o(.text)
    USART_ITConfig                           0x080016fb   Thumb Code    74  stm32f4xx_usart.o(.text)
    USART_GetFlagStatus                      0x08001745   Thumb Code    26  stm32f4xx_usart.o(.text)
    USART_ClearFlag                          0x0800175f   Thumb Code    18  stm32f4xx_usart.o(.text)
    USART_GetITStatus                        0x08001771   Thumb Code   118  stm32f4xx_usart.o(.text)
    USART_ClearITPendingBit                  0x080017e7   Thumb Code    30  stm32f4xx_usart.o(.text)
    TIM_DeInit                               0x08001805   Thumb Code   346  stm32f4xx_tim.o(.text)
    TIM_TimeBaseInit                         0x0800195f   Thumb Code   104  stm32f4xx_tim.o(.text)
    TIM_TimeBaseStructInit                   0x080019c7   Thumb Code    18  stm32f4xx_tim.o(.text)
    TIM_PrescalerConfig                      0x080019d9   Thumb Code     6  stm32f4xx_tim.o(.text)
    TIM_CounterModeConfig                    0x080019df   Thumb Code    18  stm32f4xx_tim.o(.text)
    TIM_SetCounter                           0x080019f1   Thumb Code     4  stm32f4xx_tim.o(.text)
    TIM_SetAutoreload                        0x080019f5   Thumb Code     4  stm32f4xx_tim.o(.text)
    TIM_GetCounter                           0x080019f9   Thumb Code     6  stm32f4xx_tim.o(.text)
    TIM_GetPrescaler                         0x080019ff   Thumb Code     6  stm32f4xx_tim.o(.text)
    TIM_UpdateDisableConfig                  0x08001a05   Thumb Code    24  stm32f4xx_tim.o(.text)
    TIM_UpdateRequestConfig                  0x08001a1d   Thumb Code    24  stm32f4xx_tim.o(.text)
    TIM_ARRPreloadConfig                     0x08001a35   Thumb Code    24  stm32f4xx_tim.o(.text)
    TIM_SelectOnePulseMode                   0x08001a4d   Thumb Code    18  stm32f4xx_tim.o(.text)
    TIM_SetClockDivision                     0x08001a5f   Thumb Code    18  stm32f4xx_tim.o(.text)
    TIM_Cmd                                  0x08001a71   Thumb Code    24  stm32f4xx_tim.o(.text)
    TIM_OC1Init                              0x08001a89   Thumb Code   114  stm32f4xx_tim.o(.text)
    TIM_OC2Init                              0x08001afb   Thumb Code   154  stm32f4xx_tim.o(.text)
    TIM_OC3Init                              0x08001b95   Thumb Code   204  stm32f4xx_tim.o(.text)
    TIM_OC4Init                              0x08001c61   Thumb Code   112  stm32f4xx_tim.o(.text)
    TIM_OCStructInit                         0x08001cd1   Thumb Code    20  stm32f4xx_tim.o(.text)
    TIM_SelectOCxM                           0x08001ce5   Thumb Code    86  stm32f4xx_tim.o(.text)
    TIM_SetCompare1                          0x08001d3b   Thumb Code     4  stm32f4xx_tim.o(.text)
    TIM_SetCompare2                          0x08001d3f   Thumb Code     4  stm32f4xx_tim.o(.text)
    TIM_SetCompare3                          0x08001d43   Thumb Code     4  stm32f4xx_tim.o(.text)
    TIM_SetCompare4                          0x08001d47   Thumb Code     4  stm32f4xx_tim.o(.text)
    TIM_ForcedOC1Config                      0x08001d4b   Thumb Code    18  stm32f4xx_tim.o(.text)
    TIM_ForcedOC2Config                      0x08001d5d   Thumb Code    26  stm32f4xx_tim.o(.text)
    TIM_ForcedOC3Config                      0x08001d77   Thumb Code    18  stm32f4xx_tim.o(.text)
    TIM_ForcedOC4Config                      0x08001d89   Thumb Code    26  stm32f4xx_tim.o(.text)
    TIM_OC1PreloadConfig                     0x08001da3   Thumb Code    18  stm32f4xx_tim.o(.text)
    TIM_OC2PreloadConfig                     0x08001db5   Thumb Code    26  stm32f4xx_tim.o(.text)
    TIM_OC3PreloadConfig                     0x08001dcf   Thumb Code    18  stm32f4xx_tim.o(.text)
    TIM_OC4PreloadConfig                     0x08001de1   Thumb Code    26  stm32f4xx_tim.o(.text)
    TIM_OC1FastConfig                        0x08001dfb   Thumb Code    18  stm32f4xx_tim.o(.text)
    TIM_OC2FastConfig                        0x08001e0d   Thumb Code    26  stm32f4xx_tim.o(.text)
    TIM_OC3FastConfig                        0x08001e27   Thumb Code    18  stm32f4xx_tim.o(.text)
    TIM_OC4FastConfig                        0x08001e39   Thumb Code    26  stm32f4xx_tim.o(.text)
    TIM_ClearOC1Ref                          0x08001e53   Thumb Code    18  stm32f4xx_tim.o(.text)
    TIM_ClearOC2Ref                          0x08001e65   Thumb Code    24  stm32f4xx_tim.o(.text)
    TIM_ClearOC3Ref                          0x08001e7d   Thumb Code    18  stm32f4xx_tim.o(.text)
    TIM_ClearOC4Ref                          0x08001e8f   Thumb Code    24  stm32f4xx_tim.o(.text)
    TIM_OC1PolarityConfig                    0x08001ea7   Thumb Code    18  stm32f4xx_tim.o(.text)
    TIM_OC1NPolarityConfig                   0x08001eb9   Thumb Code    18  stm32f4xx_tim.o(.text)
    TIM_OC2PolarityConfig                    0x08001ecb   Thumb Code    26  stm32f4xx_tim.o(.text)
    TIM_OC2NPolarityConfig                   0x08001ee5   Thumb Code    26  stm32f4xx_tim.o(.text)
    TIM_OC3PolarityConfig                    0x08001eff   Thumb Code    26  stm32f4xx_tim.o(.text)
    TIM_OC3NPolarityConfig                   0x08001f19   Thumb Code    26  stm32f4xx_tim.o(.text)
    TIM_OC4PolarityConfig                    0x08001f33   Thumb Code    26  stm32f4xx_tim.o(.text)
    TIM_CCxCmd                               0x08001f4d   Thumb Code    30  stm32f4xx_tim.o(.text)
    TIM_CCxNCmd                              0x08001f6b   Thumb Code    30  stm32f4xx_tim.o(.text)
    TIM_SetIC4Prescaler                      0x08001f89   Thumb Code    26  stm32f4xx_tim.o(.text)
    TIM_SetIC3Prescaler                      0x08001ff3   Thumb Code    18  stm32f4xx_tim.o(.text)
    TIM_SetIC2Prescaler                      0x0800204d   Thumb Code    26  stm32f4xx_tim.o(.text)
    TIM_SetIC1Prescaler                      0x080020c1   Thumb Code    18  stm32f4xx_tim.o(.text)
    TIM_ICInit                               0x0800210d   Thumb Code   110  stm32f4xx_tim.o(.text)
    TIM_ICStructInit                         0x0800217b   Thumb Code    18  stm32f4xx_tim.o(.text)
    TIM_PWMIConfig                           0x0800218d   Thumb Code   124  stm32f4xx_tim.o(.text)
    TIM_GetCapture1                          0x08002209   Thumb Code     6  stm32f4xx_tim.o(.text)
    TIM_GetCapture2                          0x0800220f   Thumb Code     6  stm32f4xx_tim.o(.text)
    TIM_GetCapture3                          0x08002215   Thumb Code     6  stm32f4xx_tim.o(.text)
    TIM_GetCapture4                          0x0800221b   Thumb Code     6  stm32f4xx_tim.o(.text)
    TIM_BDTRConfig                           0x08002221   Thumb Code    32  stm32f4xx_tim.o(.text)
    TIM_BDTRStructInit                       0x08002241   Thumb Code    18  stm32f4xx_tim.o(.text)
    TIM_CtrlPWMOutputs                       0x08002253   Thumb Code    30  stm32f4xx_tim.o(.text)
    TIM_SelectCOM                            0x08002271   Thumb Code    24  stm32f4xx_tim.o(.text)
    TIM_CCPreloadControl                     0x08002289   Thumb Code    24  stm32f4xx_tim.o(.text)
    TIM_ITConfig                             0x080022a1   Thumb Code    18  stm32f4xx_tim.o(.text)
    TIM_GenerateEvent                        0x080022b3   Thumb Code     4  stm32f4xx_tim.o(.text)
    TIM_GetFlagStatus                        0x080022b7   Thumb Code    18  stm32f4xx_tim.o(.text)
    TIM_ClearFlag                            0x080022c9   Thumb Code     6  stm32f4xx_tim.o(.text)
    TIM_GetITStatus                          0x080022cf   Thumb Code    34  stm32f4xx_tim.o(.text)
    TIM_ClearITPendingBit                    0x080022f1   Thumb Code     6  stm32f4xx_tim.o(.text)
    TIM_DMAConfig                            0x080022f7   Thumb Code    10  stm32f4xx_tim.o(.text)
    TIM_DMACmd                               0x08002301   Thumb Code    18  stm32f4xx_tim.o(.text)
    TIM_SelectCCDMA                          0x08002313   Thumb Code    24  stm32f4xx_tim.o(.text)
    TIM_InternalClockConfig                  0x0800232b   Thumb Code    12  stm32f4xx_tim.o(.text)
    TIM_SelectInputTrigger                   0x08002337   Thumb Code    18  stm32f4xx_tim.o(.text)
    TIM_ITRxExternalClockConfig              0x08002349   Thumb Code    24  stm32f4xx_tim.o(.text)
    TIM_TIxExternalClockConfig               0x08002361   Thumb Code    62  stm32f4xx_tim.o(.text)
    TIM_ETRConfig                            0x0800239f   Thumb Code    28  stm32f4xx_tim.o(.text)
    TIM_ETRClockMode1Config                  0x080023bb   Thumb Code    54  stm32f4xx_tim.o(.text)
    TIM_ETRClockMode2Config                  0x080023f1   Thumb Code    32  stm32f4xx_tim.o(.text)
    TIM_SelectOutputTrigger                  0x08002411   Thumb Code    18  stm32f4xx_tim.o(.text)
    TIM_SelectSlaveMode                      0x08002423   Thumb Code    18  stm32f4xx_tim.o(.text)
    TIM_SelectMasterSlaveMode                0x08002435   Thumb Code    18  stm32f4xx_tim.o(.text)
    TIM_EncoderInterfaceConfig               0x08002447   Thumb Code    66  stm32f4xx_tim.o(.text)
    TIM_SelectHallSensor                     0x08002489   Thumb Code    24  stm32f4xx_tim.o(.text)
    TIM_RemapConfig                          0x080024a1   Thumb Code     6  stm32f4xx_tim.o(.text)
    RCC_DeInit                               0x080024a9   Thumb Code    82  stm32f4xx_rcc.o(.text)
    RCC_HSEConfig                            0x080024fb   Thumb Code    14  stm32f4xx_rcc.o(.text)
    RCC_GetFlagStatus                        0x08002509   Thumb Code    60  stm32f4xx_rcc.o(.text)
    RCC_WaitForHSEStartUp                    0x08002545   Thumb Code    56  stm32f4xx_rcc.o(.text)
    RCC_AdjustHSICalibrationValue            0x0800257d   Thumb Code    20  stm32f4xx_rcc.o(.text)
    RCC_HSICmd                               0x08002591   Thumb Code     6  stm32f4xx_rcc.o(.text)
    RCC_LSEConfig                            0x08002597   Thumb Code    46  stm32f4xx_rcc.o(.text)
    RCC_LSICmd                               0x080025c5   Thumb Code     6  stm32f4xx_rcc.o(.text)
    RCC_PLLConfig                            0x080025cb   Thumb Code    32  stm32f4xx_rcc.o(.text)
    RCC_PLLCmd                               0x080025eb   Thumb Code     6  stm32f4xx_rcc.o(.text)
    RCC_PLLI2SConfig                         0x080025f1   Thumb Code    14  stm32f4xx_rcc.o(.text)
    RCC_PLLI2SCmd                            0x080025ff   Thumb Code     6  stm32f4xx_rcc.o(.text)
    RCC_PLLSAIConfig                         0x08002605   Thumb Code    20  stm32f4xx_rcc.o(.text)
    RCC_PLLSAICmd                            0x08002619   Thumb Code     6  stm32f4xx_rcc.o(.text)
    RCC_ClockSecuritySystemCmd               0x0800261f   Thumb Code     6  stm32f4xx_rcc.o(.text)
    RCC_MCO1Config                           0x08002625   Thumb Code    28  stm32f4xx_rcc.o(.text)
    RCC_MCO2Config                           0x08002641   Thumb Code    28  stm32f4xx_rcc.o(.text)
    RCC_SYSCLKConfig                         0x0800265d   Thumb Code    20  stm32f4xx_rcc.o(.text)
    RCC_GetSYSCLKSource                      0x08002671   Thumb Code    12  stm32f4xx_rcc.o(.text)
    RCC_HCLKConfig                           0x0800267d   Thumb Code    20  stm32f4xx_rcc.o(.text)
    RCC_PCLK1Config                          0x08002691   Thumb Code    20  stm32f4xx_rcc.o(.text)
    RCC_PCLK2Config                          0x080026a5   Thumb Code    22  stm32f4xx_rcc.o(.text)
    RCC_GetClocksFreq                        0x080026bb   Thumb Code   222  stm32f4xx_rcc.o(.text)
    RCC_RTCCLKConfig                         0x08002799   Thumb Code    54  stm32f4xx_rcc.o(.text)
    RCC_RTCCLKCmd                            0x080027cf   Thumb Code     8  stm32f4xx_rcc.o(.text)
    RCC_BackupResetCmd                       0x080027d7   Thumb Code     8  stm32f4xx_rcc.o(.text)
    RCC_I2SCLKConfig                         0x080027df   Thumb Code     6  stm32f4xx_rcc.o(.text)
    RCC_SAIPLLI2SClkDivConfig                0x080027e5   Thumb Code    26  stm32f4xx_rcc.o(.text)
    RCC_SAIPLLSAIClkDivConfig                0x080027ff   Thumb Code    28  stm32f4xx_rcc.o(.text)
    RCC_SAIBlockACLKConfig                   0x0800281b   Thumb Code    20  stm32f4xx_rcc.o(.text)
    RCC_SAIBlockBCLKConfig                   0x0800282f   Thumb Code    20  stm32f4xx_rcc.o(.text)
    RCC_LTDCCLKDivConfig                     0x08002843   Thumb Code    20  stm32f4xx_rcc.o(.text)
    RCC_TIMCLKPresConfig                     0x08002857   Thumb Code     6  stm32f4xx_rcc.o(.text)
    RCC_AHB1PeriphClockCmd                   0x0800285d   Thumb Code    34  stm32f4xx_rcc.o(.text)
    RCC_AHB2PeriphClockCmd                   0x0800287f   Thumb Code    78  stm32f4xx_rcc.o(.text)
    RCC_AHB3PeriphClockCmd                   0x080028cd   Thumb Code    34  stm32f4xx_rcc.o(.text)
    RCC_APB1PeriphClockCmd                   0x080028ef   Thumb Code    34  stm32f4xx_rcc.o(.text)
    RCC_APB2PeriphClockCmd                   0x08002911   Thumb Code    34  stm32f4xx_rcc.o(.text)
    RCC_AHB1PeriphResetCmd                   0x08002933   Thumb Code    34  stm32f4xx_rcc.o(.text)
    RCC_AHB2PeriphResetCmd                   0x08002955   Thumb Code    34  stm32f4xx_rcc.o(.text)
    RCC_AHB3PeriphResetCmd                   0x08002977   Thumb Code    34  stm32f4xx_rcc.o(.text)
    RCC_APB1PeriphResetCmd                   0x08002999   Thumb Code    34  stm32f4xx_rcc.o(.text)
    RCC_APB2PeriphResetCmd                   0x080029bb   Thumb Code    34  stm32f4xx_rcc.o(.text)
    RCC_AHB1PeriphClockLPModeCmd             0x080029dd   Thumb Code    34  stm32f4xx_rcc.o(.text)
    RCC_AHB2PeriphClockLPModeCmd             0x080029ff   Thumb Code    34  stm32f4xx_rcc.o(.text)
    RCC_AHB3PeriphClockLPModeCmd             0x08002a21   Thumb Code    34  stm32f4xx_rcc.o(.text)
    RCC_APB1PeriphClockLPModeCmd             0x08002a43   Thumb Code    34  stm32f4xx_rcc.o(.text)
    RCC_APB2PeriphClockLPModeCmd             0x08002a65   Thumb Code    34  stm32f4xx_rcc.o(.text)
    RCC_LSEModeConfig                        0x08002a87   Thumb Code    40  stm32f4xx_rcc.o(.text)
    RCC_ITConfig                             0x08002aaf   Thumb Code    34  stm32f4xx_rcc.o(.text)
    RCC_ClearFlag                            0x08002ad1   Thumb Code    18  stm32f4xx_rcc.o(.text)
    RCC_GetITStatus                          0x08002ae3   Thumb Code    22  stm32f4xx_rcc.o(.text)
    RCC_ClearITPendingBit                    0x08002af9   Thumb Code     8  stm32f4xx_rcc.o(.text)
    DAC_DeInit                               0x08002b05   Thumb Code    22  stm32f4xx_dac.o(.text)
    DAC_Init                                 0x08002b1b   Thumb Code    46  stm32f4xx_dac.o(.text)
    DAC_StructInit                           0x08002b49   Thumb Code    12  stm32f4xx_dac.o(.text)
    DAC_Cmd                                  0x08002b55   Thumb Code    34  stm32f4xx_dac.o(.text)
    DAC_SoftwareTriggerCmd                   0x08002b77   Thumb Code    48  stm32f4xx_dac.o(.text)
    DAC_DualSoftwareTriggerCmd               0x08002ba7   Thumb Code    38  stm32f4xx_dac.o(.text)
    DAC_WaveGenerationCmd                    0x08002bcd   Thumb Code    36  stm32f4xx_dac.o(.text)
    DAC_SetChannel1Data                      0x08002bf1   Thumb Code    26  stm32f4xx_dac.o(.text)
    DAC_SetChannel2Data                      0x08002c0b   Thumb Code    26  stm32f4xx_dac.o(.text)
    DAC_SetDualChannelData                   0x08002c25   Thumb Code    32  stm32f4xx_dac.o(.text)
    DAC_GetDataOutputValue                   0x08002c45   Thumb Code    32  stm32f4xx_dac.o(.text)
    DAC_DMACmd                               0x08002c65   Thumb Code    38  stm32f4xx_dac.o(.text)
    DAC_ITConfig                             0x08002c8b   Thumb Code    36  stm32f4xx_dac.o(.text)
    DAC_GetFlagStatus                        0x08002caf   Thumb Code    28  stm32f4xx_dac.o(.text)
    DAC_ClearFlag                            0x08002ccb   Thumb Code    12  stm32f4xx_dac.o(.text)
    DAC_GetITStatus                          0x08002cd7   Thumb Code    44  stm32f4xx_dac.o(.text)
    DAC_ClearITPendingBit                    0x08002d03   Thumb Code    12  stm32f4xx_dac.o(.text)
    __use_no_semihosting                     0x08002d15   Thumb Code     2  use_no_semi_2.o(.text)
    __use_two_region_memory                  0x08002d17   Thumb Code     2  heapauxi.o(.text)
    __rt_heap_escrow$2region                 0x08002d19   Thumb Code     2  heapauxi.o(.text)
    __rt_heap_expand$2region                 0x08002d1b   Thumb Code     2  heapauxi.o(.text)
    __I$use$semihosting                      0x08002d1d   Thumb Code     0  use_no_semi.o(.text)
    __use_no_semihosting_swi                 0x08002d1d   Thumb Code     2  use_no_semi.o(.text)
    __user_setup_stackheap                   0x08002d1f   Thumb Code    74  sys_stackheap_outer.o(.text)
    exit                                     0x08002d69   Thumb Code    18  exit.o(.text)
    __user_libspace                          0x08002d7d   Thumb Code     8  libspace.o(.text)
    __user_perproc_libspace                  0x08002d7d   Thumb Code     0  libspace.o(.text)
    __user_perthread_libspace                0x08002d7d   Thumb Code     0  libspace.o(.text)
    __aeabi_dadd                             0x08002d85   Thumb Code     0  daddsub_clz.o(x$fpl$dadd)
    _dadd                                    0x08002d85   Thumb Code   332  daddsub_clz.o(x$fpl$dadd)
    __fpl_dcmp_Inf                           0x08002ed5   Thumb Code    24  dcmpi.o(x$fpl$dcmpinf)
    __aeabi_ddiv                             0x08002eed   Thumb Code     0  ddiv.o(x$fpl$ddiv)
    _ddiv                                    0x08002eed   Thumb Code   552  ddiv.o(x$fpl$ddiv)
    __aeabi_d2uiz                            0x0800319d   Thumb Code     0  dfixu.o(x$fpl$dfixu)
    _dfixu                                   0x0800319d   Thumb Code    90  dfixu.o(x$fpl$dfixu)
    __aeabi_i2d                              0x080031f7   Thumb Code     0  dflt_clz.o(x$fpl$dflt)
    _dflt                                    0x080031f7   Thumb Code    46  dflt_clz.o(x$fpl$dflt)
    __aeabi_ui2d                             0x08003225   Thumb Code     0  dflt_clz.o(x$fpl$dfltu)
    _dfltu                                   0x08003225   Thumb Code    38  dflt_clz.o(x$fpl$dfltu)
    __aeabi_cdcmple                          0x0800324d   Thumb Code     0  dleqf.o(x$fpl$dleqf)
    _dcmple                                  0x0800324d   Thumb Code   120  dleqf.o(x$fpl$dleqf)
    __fpl_dcmple_InfNaN                      0x080032af   Thumb Code     0  dleqf.o(x$fpl$dleqf)
    __aeabi_dmul                             0x080032c5   Thumb Code     0  dmul.o(x$fpl$dmul)
    _dmul                                    0x080032c5   Thumb Code   332  dmul.o(x$fpl$dmul)
    __fpl_dnaninf                            0x08003419   Thumb Code   156  dnaninf.o(x$fpl$dnaninf)
    __fpl_dretinf                            0x080034b5   Thumb Code    12  dretinf.o(x$fpl$dretinf)
    __aeabi_cdrcmple                         0x080034c1   Thumb Code     0  drleqf.o(x$fpl$drleqf)
    _drcmple                                 0x080034c1   Thumb Code   108  drleqf.o(x$fpl$drleqf)
    __aeabi_drsub                            0x0800352d   Thumb Code     0  daddsub_clz.o(x$fpl$drsb)
    _drsb                                    0x0800352d   Thumb Code    22  daddsub_clz.o(x$fpl$drsb)
    __aeabi_dsub                             0x08003545   Thumb Code     0  daddsub_clz.o(x$fpl$dsub)
    _dsub                                    0x08003545   Thumb Code   464  daddsub_clz.o(x$fpl$dsub)
    __aeabi_f2d                              0x08003719   Thumb Code     0  f2d.o(x$fpl$f2d)
    _f2d                                     0x08003719   Thumb Code    86  f2d.o(x$fpl$f2d)
    __fpl_fnaninf                            0x0800376f   Thumb Code   140  fnaninf.o(x$fpl$fnaninf)
    _fp_init                                 0x080037fb   Thumb Code    10  fpinit.o(x$fpl$fpinit)
    __fplib_config_fpu_vfp                   0x08003803   Thumb Code     0  fpinit.o(x$fpl$fpinit)
    __fplib_config_pureend_doubles           0x08003803   Thumb Code     0  fpinit.o(x$fpl$fpinit)
    __I$use$fp                               0x08003804   Number         0  usenofp.o(x$fpl$usenofp)
    indexWave                                0x08003804   Data        2400  timer.o(.constdata)
    Region$$Table$$Base                      0x08004164   Number         0  anon$$obj.o(Region$$Table)
    Region$$Table$$Limit                     0x08004184   Number         0  anon$$obj.o(Region$$Table)
    SystemCoreClock                          0x20000000   Data           4  system_stm32f4xx.o(.data)
    AHBPrescTable                            0x20000004   Data          16  system_stm32f4xx.o(.data)
    A                                        0x20000018   Data          24  iir.o(.data)
    B                                        0x20000030   Data          24  iir.o(.data)
    Gain                                     0x20000048   Data           8  iir.o(.data)
    ADC_ConvertedValue                       0x20000050   Data           8  adc.o(.data)
    K                                        0x20000058   Data           8  timer.o(.data)
    dt1                                      0x20000060   Data           8  timer.o(.data)
    dt2                                      0x20000068   Data           8  timer.o(.data)
    sum                                      0x20000070   Data           8  timer.o(.data)
    sum0                                     0x20000078   Data           8  timer.o(.data)
    sum1                                     0x20000080   Data           8  timer.o(.data)
    sum2                                     0x20000088   Data           8  timer.o(.data)
    Vi                                       0x20000090   Data           8  timer.o(.data)
    Vread0                                   0x20000098   Data           8  timer.o(.data)
    Vread1                                   0x200000a0   Data           8  timer.o(.data)
    dt                                       0x200000a8   Data           8  timer.o(.data)
    flag                                     0x200000b0   Data           4  timer.o(.data)
    FLAG                                     0x200000b4   Data           4  timer.o(.data)
    FLAG1                                    0x200000b8   Data           4  timer.o(.data)
    num                                      0x200000bc   Data           4  timer.o(.data)
    num0                                     0x200000c0   Data           4  timer.o(.data)
    num1                                     0x200000c4   Data           4  timer.o(.data)
    num2                                     0x200000c8   Data           4  timer.o(.data)
    count                                    0x200000cc   Data           4  timer.o(.data)
    POINT_NUM                                0x200000d0   Data           2  timer.o(.data)
    period_class                             0x200000d2   Data           2  timer.o(.data)
    high                                     0x200000d8   Data           8  timer.o(.data)
    __stdout                                 0x200000e8   Data           4  usart.o(.data)
    USART_RX_STA                             0x200000ec   Data           2  usart.o(.data)
    w_x                                      0x20000100   Data          24  iir.o(.bss)
    w_y                                      0x20000118   Data          24  iir.o(.bss)
    ADC_ConvertedValueLocal                  0x20000130   Data          16  timer.o(.bss)
    USART_RX_BUF                             0x20000140   Data         200  usart.o(.bss)
    __libspace_start                         0x20000208   Data          96  libspace.o(.bss)
    __temporary_stack_top$libspace           0x20000268   Data           0  libspace.o(.bss)



==============================================================================

Memory Map of the image

  Image Entry point : 0x08000189

  Load Region LR_IROM1 (Base: 0x08000000, Size: 0x00004284, Max: 0x00080000, ABSOLUTE)

    Execution Region ER_IROM1 (Exec base: 0x08000000, Load base: 0x08000000, Size: 0x00004184, Max: 0x00080000, ABSOLUTE)

    Exec Addr    Load Addr    Size         Type   Attr      Idx    E Section Name        Object

    0x08000000   0x08000000   0x00000188   Data   RO          513    RESET               startup_stm32f40_41xxx.o
    0x08000188   0x08000188   0x00000008   Code   RO          726  * !!!main             c_w.l(__main.o)
    0x08000190   0x08000190   0x00000034   Code   RO          924    !!!scatter          c_w.l(__scatter.o)
    0x080001c4   0x080001c4   0x0000001a   Code   RO          926    !!handler_copy      c_w.l(__scatter_copy.o)
    0x080001de   0x080001de   0x00000002   PAD
    0x080001e0   0x080001e0   0x0000001c   Code   RO          928    !!handler_zi        c_w.l(__scatter_zi.o)
    0x080001fc   0x080001fc   0x00000002   Code   RO          798    .ARM.Collect$$libinit$$00000000  c_w.l(libinit.o)
    0x080001fe   0x080001fe   0x00000004   Code   RO          804    .ARM.Collect$$libinit$$00000001  c_w.l(libinit2.o)
    0x08000202   0x08000202   0x00000000   Code   RO          807    .ARM.Collect$$libinit$$00000004  c_w.l(libinit2.o)
    0x08000202   0x08000202   0x00000000   Code   RO          810    .ARM.Collect$$libinit$$0000000A  c_w.l(libinit2.o)
    0x08000202   0x08000202   0x00000000   Code   RO          812    .ARM.Collect$$libinit$$0000000C  c_w.l(libinit2.o)
    0x08000202   0x08000202   0x00000000   Code   RO          814    .ARM.Collect$$libinit$$0000000E  c_w.l(libinit2.o)
    0x08000202   0x08000202   0x00000000   Code   RO          817    .ARM.Collect$$libinit$$00000011  c_w.l(libinit2.o)
    0x08000202   0x08000202   0x00000000   Code   RO          819    .ARM.Collect$$libinit$$00000013  c_w.l(libinit2.o)
    0x08000202   0x08000202   0x00000000   Code   RO          821    .ARM.Collect$$libinit$$00000015  c_w.l(libinit2.o)
    0x08000202   0x08000202   0x00000000   Code   RO          823    .ARM.Collect$$libinit$$00000017  c_w.l(libinit2.o)
    0x08000202   0x08000202   0x00000000   Code   RO          825    .ARM.Collect$$libinit$$00000019  c_w.l(libinit2.o)
    0x08000202   0x08000202   0x00000000   Code   RO          827    .ARM.Collect$$libinit$$0000001B  c_w.l(libinit2.o)
    0x08000202   0x08000202   0x00000000   Code   RO          829    .ARM.Collect$$libinit$$0000001D  c_w.l(libinit2.o)
    0x08000202   0x08000202   0x00000000   Code   RO          831    .ARM.Collect$$libinit$$0000001F  c_w.l(libinit2.o)
    0x08000202   0x08000202   0x00000000   Code   RO          833    .ARM.Collect$$libinit$$00000021  c_w.l(libinit2.o)
    0x08000202   0x08000202   0x00000000   Code   RO          835    .ARM.Collect$$libinit$$00000023  c_w.l(libinit2.o)
    0x08000202   0x08000202   0x00000000   Code   RO          837    .ARM.Collect$$libinit$$00000025  c_w.l(libinit2.o)
    0x08000202   0x08000202   0x00000000   Code   RO          841    .ARM.Collect$$libinit$$0000002C  c_w.l(libinit2.o)
    0x08000202   0x08000202   0x00000000   Code   RO          843    .ARM.Collect$$libinit$$0000002E  c_w.l(libinit2.o)
    0x08000202   0x08000202   0x00000000   Code   RO          845    .ARM.Collect$$libinit$$00000030  c_w.l(libinit2.o)
    0x08000202   0x08000202   0x00000000   Code   RO          847    .ARM.Collect$$libinit$$00000032  c_w.l(libinit2.o)
    0x08000202   0x08000202   0x00000002   Code   RO          848    .ARM.Collect$$libinit$$00000033  c_w.l(libinit2.o)
    0x08000204   0x08000204   0x00000002   Code   RO          866    .ARM.Collect$$libshutdown$$00000000  c_w.l(libshutdown.o)
    0x08000206   0x08000206   0x00000000   Code   RO          876    .ARM.Collect$$libshutdown$$00000002  c_w.l(libshutdown2.o)
    0x08000206   0x08000206   0x00000000   Code   RO          878    .ARM.Collect$$libshutdown$$00000004  c_w.l(libshutdown2.o)
    0x08000206   0x08000206   0x00000000   Code   RO          881    .ARM.Collect$$libshutdown$$00000007  c_w.l(libshutdown2.o)
    0x08000206   0x08000206   0x00000000   Code   RO          884    .ARM.Collect$$libshutdown$$0000000A  c_w.l(libshutdown2.o)
    0x08000206   0x08000206   0x00000000   Code   RO          886    .ARM.Collect$$libshutdown$$0000000C  c_w.l(libshutdown2.o)
    0x08000206   0x08000206   0x00000000   Code   RO          889    .ARM.Collect$$libshutdown$$0000000F  c_w.l(libshutdown2.o)
    0x08000206   0x08000206   0x00000002   Code   RO          890    .ARM.Collect$$libshutdown$$00000010  c_w.l(libshutdown2.o)
    0x08000208   0x08000208   0x00000000   Code   RO          764    .ARM.Collect$$rtentry$$00000000  c_w.l(__rtentry.o)
    0x08000208   0x08000208   0x00000000   Code   RO          775    .ARM.Collect$$rtentry$$00000002  c_w.l(__rtentry2.o)
    0x08000208   0x08000208   0x00000006   Code   RO          787    .ARM.Collect$$rtentry$$00000004  c_w.l(__rtentry4.o)
    0x0800020e   0x0800020e   0x00000000   Code   RO          777    .ARM.Collect$$rtentry$$00000009  c_w.l(__rtentry2.o)
    0x0800020e   0x0800020e   0x00000004   Code   RO          778    .ARM.Collect$$rtentry$$0000000A  c_w.l(__rtentry2.o)
    0x08000212   0x08000212   0x00000000   Code   RO          780    .ARM.Collect$$rtentry$$0000000C  c_w.l(__rtentry2.o)
    0x08000212   0x08000212   0x00000008   Code   RO          781    .ARM.Collect$$rtentry$$0000000D  c_w.l(__rtentry2.o)
    0x0800021a   0x0800021a   0x00000002   Code   RO          802    .ARM.Collect$$rtexit$$00000000  c_w.l(rtexit.o)
    0x0800021c   0x0800021c   0x00000000   Code   RO          850    .ARM.Collect$$rtexit$$00000002  c_w.l(rtexit2.o)
    0x0800021c   0x0800021c   0x00000004   Code   RO          851    .ARM.Collect$$rtexit$$00000003  c_w.l(rtexit2.o)
    0x08000220   0x08000220   0x00000006   Code   RO          852    .ARM.Collect$$rtexit$$00000004  c_w.l(rtexit2.o)
    0x08000226   0x08000226   0x00000026   Code   RO            3    .text               main.o
    0x0800024c   0x0800024c   0x0000001a   Code   RO          172    .text               stm32f4xx_it.o
    0x08000266   0x08000266   0x00000002   PAD
    0x08000268   0x08000268   0x00000210   Code   RO          221    .text               system_stm32f4xx.o
    0x08000478   0x08000478   0x000001d0   Code   RO          247    .text               iir.o
    0x08000648   0x08000648   0x00000088   Code   RO          321    .text               dac.o
    0x080006d0   0x080006d0   0x000004d4   Code   RO          341    .text               timer.o
    0x08000ba4   0x08000ba4   0x0000020c   Code   RO          397    .text               pwm.o
    0x08000db0   0x08000db0   0x00000104   Code   RO          442    .text               delay.o
    0x08000eb4   0x08000eb4   0x00000148   Code   RO          482    .text               usart.o
    0x08000ffc   0x08000ffc   0x00000040   Code   RO          514    .text               startup_stm32f40_41xxx.o
    0x0800103c   0x0800103c   0x000000e0   Code   RO          520    .text               misc.o
    0x0800111c   0x0800111c   0x00000294   Code   RO          540    .text               stm32f4xx_gpio.o
    0x080013b0   0x080013b0   0x00000454   Code   RO          560    .text               stm32f4xx_usart.o
    0x08001804   0x08001804   0x00000ca2   Code   RO          580    .text               stm32f4xx_tim.o
    0x080024a6   0x080024a6   0x00000002   PAD
    0x080024a8   0x080024a8   0x0000065c   Code   RO          620    .text               stm32f4xx_rcc.o
    0x08002b04   0x08002b04   0x00000210   Code   RO          682    .text               stm32f4xx_dac.o
    0x08002d14   0x08002d14   0x00000002   Code   RO          722    .text               c_w.l(use_no_semi_2.o)
    0x08002d16   0x08002d16   0x00000006   Code   RO          724    .text               c_w.l(heapauxi.o)
    0x08002d1c   0x08002d1c   0x00000002   Code   RO          762    .text               c_w.l(use_no_semi.o)
    0x08002d1e   0x08002d1e   0x0000004a   Code   RO          789    .text               c_w.l(sys_stackheap_outer.o)
    0x08002d68   0x08002d68   0x00000012   Code   RO          791    .text               c_w.l(exit.o)
    0x08002d7a   0x08002d7a   0x00000002   PAD
    0x08002d7c   0x08002d7c   0x00000008   Code   RO          799    .text               c_w.l(libspace.o)
    0x08002d84   0x08002d84   0x00000150   Code   RO          730    x$fpl$dadd          fz_wm.l(daddsub_clz.o)
    0x08002ed4   0x08002ed4   0x00000018   Code   RO          765    x$fpl$dcmpinf       fz_wm.l(dcmpi.o)
    0x08002eec   0x08002eec   0x000002b0   Code   RO          737    x$fpl$ddiv          fz_wm.l(ddiv.o)
    0x0800319c   0x0800319c   0x0000005a   Code   RO          744    x$fpl$dfixu         fz_wm.l(dfixu.o)
    0x080031f6   0x080031f6   0x0000002e   Code   RO          749    x$fpl$dflt          fz_wm.l(dflt_clz.o)
    0x08003224   0x08003224   0x00000026   Code   RO          748    x$fpl$dfltu         fz_wm.l(dflt_clz.o)
    0x0800324a   0x0800324a   0x00000002   PAD
    0x0800324c   0x0800324c   0x00000078   Code   RO          754    x$fpl$dleqf         fz_wm.l(dleqf.o)
    0x080032c4   0x080032c4   0x00000154   Code   RO          756    x$fpl$dmul          fz_wm.l(dmul.o)
    0x08003418   0x08003418   0x0000009c   Code   RO          767    x$fpl$dnaninf       fz_wm.l(dnaninf.o)
    0x080034b4   0x080034b4   0x0000000c   Code   RO          769    x$fpl$dretinf       fz_wm.l(dretinf.o)
    0x080034c0   0x080034c0   0x0000006c   Code   RO          758    x$fpl$drleqf        fz_wm.l(drleqf.o)
    0x0800352c   0x0800352c   0x00000016   Code   RO          731    x$fpl$drsb          fz_wm.l(daddsub_clz.o)
    0x08003542   0x08003542   0x00000002   PAD
    0x08003544   0x08003544   0x000001d4   Code   RO          732    x$fpl$dsub          fz_wm.l(daddsub_clz.o)
    0x08003718   0x08003718   0x00000056   Code   RO          760    x$fpl$f2d           fz_wm.l(f2d.o)
    0x0800376e   0x0800376e   0x0000008c   Code   RO          771    x$fpl$fnaninf       fz_wm.l(fnaninf.o)
    0x080037fa   0x080037fa   0x0000000a   Code   RO          858    x$fpl$fpinit        fz_wm.l(fpinit.o)
    0x08003804   0x08003804   0x00000000   Code   RO          773    x$fpl$usenofp       fz_wm.l(usenofp.o)
    0x08003804   0x08003804   0x00000960   Data   RO          343    .constdata          timer.o
    0x08004164   0x08004164   0x00000020   Data   RO          922    Region$$Table       anon$$obj.o


    Execution Region RW_IRAM1 (Exec base: 0x20000000, Load base: 0x08004184, Size: 0x00000868, Max: 0x00020000, ABSOLUTE)

    Exec Addr    Load Addr    Size         Type   Attr      Idx    E Section Name        Object

    0x20000000   0x08004184   0x00000014   Data   RW          222    .data               system_stm32f4xx.o
    0x20000014   0x08004198   0x00000004   PAD
    0x20000018   0x0800419c   0x00000038   Data   RW          249    .data               iir.o
    0x20000050   0x080041d4   0x00000008   Data   RW          299    .data               adc.o
    0x20000058   0x080041dc   0x0000008c   Data   RW          344    .data               timer.o
    0x200000e4   0x08004268   0x00000004   Data   RW          443    .data               delay.o
    0x200000e8   0x0800426c   0x00000006   Data   RW          484    .data               usart.o
    0x200000ee   0x08004272   0x00000010   Data   RW          621    .data               stm32f4xx_rcc.o
    0x200000fe   0x08004282   0x00000002   PAD
    0x20000100        -       0x00000030   Zero   RW          248    .bss                iir.o
    0x20000130        -       0x00000010   Zero   RW          342    .bss                timer.o
    0x20000140        -       0x000000c8   Zero   RW          483    .bss                usart.o
    0x20000208        -       0x00000060   Zero   RW          800    .bss                c_w.l(libspace.o)
    0x20000268        -       0x00000200   Zero   RW          512    HEAP                startup_stm32f40_41xxx.o
    0x20000468        -       0x00000400   Zero   RW          511    STACK               startup_stm32f40_41xxx.o


==============================================================================

Image component sizes


      Code (inc. data)   RO Data    RW Data    ZI Data      Debug   Object Name

         0          0          0          8          0        537   adc.o
       136          6          0          0          0        853   dac.o
       260          8          0          4          0       1509   delay.o
       464         30          0         56         48       1393   iir.o
        38          0          0          0          0     286851   main.o
       224         20          0          0          0       1849   misc.o
       524         18          0          0          0       1084   pwm.o
        64         26        392          0       1536        844   startup_stm32f40_41xxx.o
       528          6          0          0          0       5073   stm32f4xx_dac.o
       660         44          0          0          0       4189   stm32f4xx_gpio.o
        26          0          0          0          0       1238   stm32f4xx_it.o
      1628         52          0         16          0      13080   stm32f4xx_rcc.o
      3234         60          0          0          0      23044   stm32f4xx_tim.o
      1108         34          0          0          0       7912   stm32f4xx_usart.o
       528         46          0         20          0       1823   system_stm32f4xx.o
      1236        156       2400        140         16       3263   timer.o
       328         16          0          6        200       3346   usart.o

    ----------------------------------------------------------------------
     10990        522       2824        256       1800     357888   Object Totals
         0          0         32          0          0          0   (incl. Generated)
         4          0          0          6          0          0   (incl. Padding)

    ----------------------------------------------------------------------

      Code (inc. data)   RO Data    RW Data    ZI Data      Debug   Library Member Name

         8          0          0          0          0         68   __main.o
         0          0          0          0          0          0   __rtentry.o
        12          0          0          0          0          0   __rtentry2.o
         6          0          0          0          0          0   __rtentry4.o
        52          8          0          0          0          0   __scatter.o
        26          0          0          0          0          0   __scatter_copy.o
        28          0          0          0          0          0   __scatter_zi.o
        18          0          0          0          0         80   exit.o
         6          0          0          0          0        152   heapauxi.o
         2          0          0          0          0          0   libinit.o
         6          0          0          0          0          0   libinit2.o
         2          0          0          0          0          0   libshutdown.o
         2          0          0          0          0          0   libshutdown2.o
         8          4          0          0         96         68   libspace.o
         2          0          0          0          0          0   rtexit.o
        10          0          0          0          0          0   rtexit2.o
        74          0          0          0          0         80   sys_stackheap_outer.o
         2          0          0          0          0         68   use_no_semi.o
         2          0          0          0          0         68   use_no_semi_2.o
       826         16          0          0          0        492   daddsub_clz.o
        24          0          0          0          0        116   dcmpi.o
       688        140          0          0          0        256   ddiv.o
        90          4          0          0          0        140   dfixu.o
        84          0          0          0          0        232   dflt_clz.o
       120          4          0          0          0        140   dleqf.o
       340         12          0          0          0        152   dmul.o
       156          4          0          0          0        140   dnaninf.o
        12          0          0          0          0        116   dretinf.o
       108          0          0          0          0        128   drleqf.o
        86          4          0          0          0        132   f2d.o
       140          4          0          0          0        132   fnaninf.o
        10          0          0          0          0        116   fpinit.o
         0          0          0          0          0          0   usenofp.o

    ----------------------------------------------------------------------
      2958        200          0          0         96       2876   Library Totals
         8          0          0          0          0          0   (incl. Padding)

    ----------------------------------------------------------------------

      Code (inc. data)   RO Data    RW Data    ZI Data      Debug   Library Name

       266         12          0          0         96        584   c_w.l
      2684        188          0          0          0       2292   fz_wm.l

    ----------------------------------------------------------------------
      2958        200          0          0         96       2876   Library Totals

    ----------------------------------------------------------------------

==============================================================================


      Code (inc. data)   RO Data    RW Data    ZI Data      Debug   

     13948        722       2824        256       1896     356208   Grand Totals
     13948        722       2824        256       1896     356208   ELF Image Totals
     13948        722       2824        256          0          0   ROM Totals

==============================================================================

    Total RO  Size (Code + RO Data)                16772 (  16.38kB)
    Total RW  Size (RW Data + ZI Data)              2152 (   2.10kB)
    Total ROM Size (Code + RO Data + RW Data)      17028 (  16.63kB)

==============================================================================

